Archive member included to satisfy reference by file (symbol)

c:/renesas/ra/e2studio_v2021-10_fsp_v3.5.0/toolchains/gcc_arm/gcc-arm-none-eabi-10.3-2021.10/bin/../lib/gcc/arm-none-eabi/10.3.1/thumb/v7e-m+fp/hard\libgcc.a(_aeabi_ldivmod.o)
                              ./ra/fsp/src/r_sci_uart/r_sci_uart.o (__aeabi_ldivmod)
c:/renesas/ra/e2studio_v2021-10_fsp_v3.5.0/toolchains/gcc_arm/gcc-arm-none-eabi-10.3-2021.10/bin/../lib/gcc/arm-none-eabi/10.3.1/thumb/v7e-m+fp/hard\libgcc.a(_udivmoddi4.o)
                              c:/renesas/ra/e2studio_v2021-10_fsp_v3.5.0/toolchains/gcc_arm/gcc-arm-none-eabi-10.3-2021.10/bin/../lib/gcc/arm-none-eabi/10.3.1/thumb/v7e-m+fp/hard\libgcc.a(_aeabi_ldivmod.o) (__udivmoddi4)
c:/renesas/ra/e2studio_v2021-10_fsp_v3.5.0/toolchains/gcc_arm/gcc-arm-none-eabi-10.3-2021.10/bin/../lib/gcc/arm-none-eabi/10.3.1/thumb/v7e-m+fp/hard\libgcc.a(_dvmd_tls.o)
                              c:/renesas/ra/e2studio_v2021-10_fsp_v3.5.0/toolchains/gcc_arm/gcc-arm-none-eabi-10.3-2021.10/bin/../lib/gcc/arm-none-eabi/10.3.1/thumb/v7e-m+fp/hard\libgcc.a(_aeabi_ldivmod.o) (__aeabi_ldiv0)
c:/renesas/ra/e2studio_v2021-10_fsp_v3.5.0/toolchains/gcc_arm/gcc-arm-none-eabi-10.3-2021.10/bin/../lib/gcc/arm-none-eabi/10.3.1/../../../../arm-none-eabi/lib/thumb/v7e-m+fp/hard\libg_nano.a(lib_a-errno.o)
                              ./ra/fsp/src/bsp/mcu/all/bsp_sbrk.o (__errno)
c:/renesas/ra/e2studio_v2021-10_fsp_v3.5.0/toolchains/gcc_arm/gcc-arm-none-eabi-10.3-2021.10/bin/../lib/gcc/arm-none-eabi/10.3.1/../../../../arm-none-eabi/lib/thumb/v7e-m+fp/hard\libg_nano.a(lib_a-exit.o)
                              c:/renesas/ra/e2studio_v2021-10_fsp_v3.5.0/toolchains/gcc_arm/gcc-arm-none-eabi-10.3-2021.10/bin/../lib/gcc/arm-none-eabi/10.3.1/../../../../arm-none-eabi/lib/thumb/v7e-m+fp/hard/rdimon-crt0.o (exit)
c:/renesas/ra/e2studio_v2021-10_fsp_v3.5.0/toolchains/gcc_arm/gcc-arm-none-eabi-10.3-2021.10/bin/../lib/gcc/arm-none-eabi/10.3.1/../../../../arm-none-eabi/lib/thumb/v7e-m+fp/hard\libg_nano.a(lib_a-impure.o)
                              c:/renesas/ra/e2studio_v2021-10_fsp_v3.5.0/toolchains/gcc_arm/gcc-arm-none-eabi-10.3-2021.10/bin/../lib/gcc/arm-none-eabi/10.3.1/../../../../arm-none-eabi/lib/thumb/v7e-m+fp/hard\libg_nano.a(lib_a-exit.o) (_global_impure_ptr)
c:/renesas/ra/e2studio_v2021-10_fsp_v3.5.0/toolchains/gcc_arm/gcc-arm-none-eabi-10.3-2021.10/bin/../lib/gcc/arm-none-eabi/10.3.1/../../../../arm-none-eabi/lib/thumb/v7e-m+fp/hard\libg_nano.a(lib_a-init.o)
                              c:/renesas/ra/e2studio_v2021-10_fsp_v3.5.0/toolchains/gcc_arm/gcc-arm-none-eabi-10.3-2021.10/bin/../lib/gcc/arm-none-eabi/10.3.1/../../../../arm-none-eabi/lib/thumb/v7e-m+fp/hard/rdimon-crt0.o (__libc_init_array)
c:/renesas/ra/e2studio_v2021-10_fsp_v3.5.0/toolchains/gcc_arm/gcc-arm-none-eabi-10.3-2021.10/bin/../lib/gcc/arm-none-eabi/10.3.1/../../../../arm-none-eabi/lib/thumb/v7e-m+fp/hard\libg_nano.a(lib_a-memcpy-stub.o)
                              ./ra/fsp/src/r_sci_uart/r_sci_uart.o (memcpy)
c:/renesas/ra/e2studio_v2021-10_fsp_v3.5.0/toolchains/gcc_arm/gcc-arm-none-eabi-10.3-2021.10/bin/../lib/gcc/arm-none-eabi/10.3.1/../../../../arm-none-eabi/lib/thumb/v7e-m+fp/hard\libg_nano.a(lib_a-memset.o)
                              c:/renesas/ra/e2studio_v2021-10_fsp_v3.5.0/toolchains/gcc_arm/gcc-arm-none-eabi-10.3-2021.10/bin/../lib/gcc/arm-none-eabi/10.3.1/../../../../arm-none-eabi/lib/thumb/v7e-m+fp/hard/rdimon-crt0.o (memset)
c:/renesas/ra/e2studio_v2021-10_fsp_v3.5.0/toolchains/gcc_arm/gcc-arm-none-eabi-10.3-2021.10/bin/../lib/gcc/arm-none-eabi/10.3.1/../../../../arm-none-eabi/lib/thumb/v7e-m+fp/hard\libg_nano.a(lib_a-strcat.o)
                              ./src/uart/uart.o (strcat)
c:/renesas/ra/e2studio_v2021-10_fsp_v3.5.0/toolchains/gcc_arm/gcc-arm-none-eabi-10.3-2021.10/bin/../lib/gcc/arm-none-eabi/10.3.1/../../../../arm-none-eabi/lib/thumb/v7e-m+fp/hard\libg_nano.a(lib_a-strcpy.o)
                              ./src/uart/uart.o (strcpy)
c:/renesas/ra/e2studio_v2021-10_fsp_v3.5.0/toolchains/gcc_arm/gcc-arm-none-eabi-10.3-2021.10/bin/../lib/gcc/arm-none-eabi/10.3.1/../../../../arm-none-eabi/lib/thumb/v7e-m+fp/hard\librdimon_nano.a(rdimon-syscalls.o)
                              c:/renesas/ra/e2studio_v2021-10_fsp_v3.5.0/toolchains/gcc_arm/gcc-arm-none-eabi-10.3-2021.10/bin/../lib/gcc/arm-none-eabi/10.3.1/../../../../arm-none-eabi/lib/thumb/v7e-m+fp/hard/rdimon-crt0.o (initialise_monitor_handles)
c:/renesas/ra/e2studio_v2021-10_fsp_v3.5.0/toolchains/gcc_arm/gcc-arm-none-eabi-10.3-2021.10/bin/../lib/gcc/arm-none-eabi/10.3.1/../../../../arm-none-eabi/lib/thumb/v7e-m+fp/hard\librdimon_nano.a(rdimon-_exit.o)
                              c:/renesas/ra/e2studio_v2021-10_fsp_v3.5.0/toolchains/gcc_arm/gcc-arm-none-eabi-10.3-2021.10/bin/../lib/gcc/arm-none-eabi/10.3.1/../../../../arm-none-eabi/lib/thumb/v7e-m+fp/hard\libg_nano.a(lib_a-exit.o) (_exit)
[...]
Memory Configuration

Name             Origin             Length             Attributes
FLASH            0x00000000         0x00200000         xr
RAM              0x1ffe0000         0x000a0000         xrw
DATA_FLASH       0x40100000         0x00010000         xr
QSPI_FLASH       0x60000000         0x04000000         xr
OSPI_DEVICE_0    0x68000000         0x00000000         xr
OSPI_DEVICE_1    0x70000000         0x00000000         xr
OSPI_DEVICE_0_RAM 0x68000000         0x00000000         xrw
OSPI_DEVICE_1_RAM 0x70000000         0x00000000         xrw
SDRAM            0x90000000         0x08000000         xrw
OPTION_SETTING   0x00000000         0x00000000         r
OPTION_SETTING_S 0x00000000         0x00000000         r
ID_CODE          0x0100a150         0x00000010         xr
*default*        0x00000000         0xffffffff

Linker script and memory map

LOAD c:/renesas/ra/e2studio_v2021-10_fsp_v3.5.0/toolchains/gcc_arm/gcc-arm-none-eabi-10.3-2021.10/bin/../lib/gcc/arm-none-eabi/10.3.1/thumb/v7e-m+fp/hard/crti.o
LOAD c:/renesas/ra/e2studio_v2021-10_fsp_v3.5.0/toolchains/gcc_arm/gcc-arm-none-eabi-10.3-2021.10/bin/../lib/gcc/arm-none-eabi/10.3.1/thumb/v7e-m+fp/hard/crtbegin.o
LOAD c:/renesas/ra/e2studio_v2021-10_fsp_v3.5.0/toolchains/gcc_arm/gcc-arm-none-eabi-10.3-2021.10/bin/../lib/gcc/arm-none-eabi/10.3.1/../../../../arm-none-eabi/lib/thumb/v7e-m+fp/hard/rdimon-crt0.o
START GROUP
LOAD ./src/uart/uart.o
LOAD ./src/irq/irq.o
LOAD ./src/globals/globals.o
LOAD ./src/dc/dc.o
LOAD ./src/bsp_warmstart/bsp.o
LOAD ./src/hal_entry.o
LOAD ./ra_gen/common_data.o
LOAD ./ra_gen/hal_data.o
LOAD ./ra_gen/main.o
LOAD ./ra_gen/pin_data.o
LOAD ./ra_gen/vector_data.o
LOAD ./ra/fsp/src/r_sci_uart/r_sci_uart.o
LOAD ./ra/fsp/src/r_ioport/r_ioport.o
LOAD ./ra/fsp/src/r_icu/r_icu.o
LOAD ./ra/fsp/src/bsp/mcu/all/bsp_clocks.o
LOAD ./ra/fsp/src/bsp/mcu/all/bsp_common.o
LOAD ./ra/fsp/src/bsp/mcu/all/bsp_delay.o
LOAD ./ra/fsp/src/bsp/mcu/all/bsp_group_irq.o
LOAD ./ra/fsp/src/bsp/mcu/all/bsp_guard.o
LOAD ./ra/fsp/src/bsp/mcu/all/bsp_io.o
LOAD ./ra/fsp/src/bsp/mcu/all/bsp_irq.o
LOAD ./ra/fsp/src/bsp/mcu/all/bsp_register_protection.o
LOAD ./ra/fsp/src/bsp/mcu/all/bsp_rom_registers.o
LOAD ./ra/fsp/src/bsp/mcu/all/bsp_sbrk.o
LOAD ./ra/fsp/src/bsp/mcu/all/bsp_security.o
LOAD ./ra/fsp/src/bsp/cmsis/Device/RENESAS/Source/startup.o
LOAD ./ra/fsp/src/bsp/cmsis/Device/RENESAS/Source/system.o
END GROUP
START GROUP
LOAD c:/renesas/ra/e2studio_v2021-10_fsp_v3.5.0/toolchains/gcc_arm/gcc-arm-none-eabi-10.3-2021.10/bin/../lib/gcc/arm-none-eabi/10.3.1/thumb/v7e-m+fp/hard\libgcc.a
LOAD c:/renesas/ra/e2studio_v2021-10_fsp_v3.5.0/toolchains/gcc_arm/gcc-arm-none-eabi-10.3-2021.10/bin/../lib/gcc/arm-none-eabi/10.3.1/../../../../arm-none-eabi/lib/thumb/v7e-m+fp/hard\libg_nano.a
LOAD c:/renesas/ra/e2studio_v2021-10_fsp_v3.5.0/toolchains/gcc_arm/gcc-arm-none-eabi-10.3-2021.10/bin/../lib/gcc/arm-none-eabi/10.3.1/../../../../arm-none-eabi/lib/thumb/v7e-m+fp/hard\libc_nano.a
END GROUP
START GROUP
LOAD c:/renesas/ra/e2studio_v2021-10_fsp_v3.5.0/toolchains/gcc_arm/gcc-arm-none-eabi-10.3-2021.10/bin/../lib/gcc/arm-none-eabi/10.3.1/thumb/v7e-m+fp/hard\libgcc.a
LOAD c:/renesas/ra/e2studio_v2021-10_fsp_v3.5.0/toolchains/gcc_arm/gcc-arm-none-eabi-10.3-2021.10/bin/../lib/gcc/arm-none-eabi/10.3.1/../../../../arm-none-eabi/lib/thumb/v7e-m+fp/hard\libc_nano.a
LOAD c:/renesas/ra/e2studio_v2021-10_fsp_v3.5.0/toolchains/gcc_arm/gcc-arm-none-eabi-10.3-2021.10/bin/../lib/gcc/arm-none-eabi/10.3.1/../../../../arm-none-eabi/lib/thumb/v7e-m+fp/hard\librdimon_nano.a
END GROUP
START GROUP
LOAD c:/renesas/ra/e2studio_v2021-10_fsp_v3.5.0/toolchains/gcc_arm/gcc-arm-none-eabi-10.3-2021.10/bin/../lib/gcc/arm-none-eabi/10.3.1/thumb/v7e-m+fp/hard\libgcc.a
LOAD c:/renesas/ra/e2studio_v2021-10_fsp_v3.5.0/toolchains/gcc_arm/gcc-arm-none-eabi-10.3-2021.10/bin/../lib/gcc/arm-none-eabi/10.3.1/../../../../arm-none-eabi/lib/thumb/v7e-m+fp/hard\libc_nano.a
LOAD c:/renesas/ra/e2studio_v2021-10_fsp_v3.5.0/toolchains/gcc_arm/gcc-arm-none-eabi-10.3-2021.10/bin/../lib/gcc/arm-none-eabi/10.3.1/../../../../arm-none-eabi/lib/thumb/v7e-m+fp/hard\librdimon_nano.a
END GROUP
LOAD c:/renesas/ra/e2studio_v2021-10_fsp_v3.5.0/toolchains/gcc_arm/gcc-arm-none-eabi-10.3-2021.10/bin/../lib/gcc/arm-none-eabi/10.3.1/thumb/v7e-m+fp/hard/crtend.o
LOAD c:/renesas/ra/e2studio_v2021-10_fsp_v3.5.0/toolchains/gcc_arm/gcc-arm-none-eabi-10.3-2021.10/bin/../lib/gcc/arm-none-eabi/10.3.1/thumb/v7e-m+fp/hard/crtn.o
                0x1ffe0000                RAM_START = 0x1ffe0000
                0x000a0000                RAM_LENGTH = 0xa0000
                0x00000000                FLASH_START = 0x0
                0x00200000                FLASH_LENGTH = 0x200000
                0x40100000                DATA_FLASH_START = 0x40100000
                0x00010000                DATA_FLASH_LENGTH = 0x10000
                0x00000000                OPTION_SETTING_START = 0x0
                0x00000000                OPTION_SETTING_LENGTH = 0x0
                0x00000000                OPTION_SETTING_S_START = 0x0
                0x00000000                OPTION_SETTING_S_LENGTH = 0x0
                0x0100a150                ID_CODE_START = 0x100a150
                0x00000010                ID_CODE_LENGTH = 0x10
                0x90000000                SDRAM_START = 0x90000000
                0x08000000                SDRAM_LENGTH = 0x8000000
                0x60000000                QSPI_FLASH_START = 0x60000000
                0x04000000                QSPI_FLASH_LENGTH = 0x4000000
                0x68000000                OSPI_DEVICE_0_START = 0x68000000
                0x00000000                OSPI_DEVICE_0_LENGTH = 0x0
                0x70000000                OSPI_DEVICE_1_START = 0x70000000
                0x00000000                OSPI_DEVICE_1_LENGTH = 0x0
                0x04000000                QSPI_FLASH_PRV_LENGTH = DEFINED (QSPI_FLASH_SIZE)?ABSOLUTE (QSPI_FLASH_SIZE):ABSOLUTE (QSPI_FLASH_LENGTH)
                0x00000000                OSPI_DEVICE_0_PRV_LENGTH = DEFINED (OSPI_DEVICE_0_SIZE)?ABSOLUTE (OSPI_DEVICE_0_SIZE):ABSOLUTE (OSPI_DEVICE_0_LENGTH)
                0x00000000                OSPI_DEVICE_1_PRV_LENGTH = DEFINED (OSPI_DEVICE_1_SIZE)?ABSOLUTE (OSPI_DEVICE_1_SIZE):ABSOLUTE (OSPI_DEVICE_1_LENGTH)
                0x00000000                __RESERVE_NS_RAM = ((! (DEFINED (PROJECT_NONSECURE)) && DEFINED (RAM_NS_BUFFER_LENGTH)) && (OPTION_SETTING_S_LENGTH != 0x0))
                0x00000000                RAM_NS_BUFFER_BLOCK_LENGTH = DEFINED (RAM_NS_BUFFER_LENGTH)?ALIGN (RAM_NS_BUFFER_LENGTH, 0x2000):0x0
                0x00000000                RAM_NS_BUFFER_LENGTH = DEFINED (RAM_NS_BUFFER_LENGTH)?RAM_NS_BUFFER_LENGTH:0x0
                0x20080000                RAM_NS_BUFFER_START = ((RAM_START + RAM_LENGTH) - RAM_NS_BUFFER_LENGTH)
                0x20080000                RAM_NS_BUFFER_BLOCK_START = ((RAM_START + RAM_LENGTH) - RAM_NS_BUFFER_BLOCK_LENGTH)
                0x0100a180                OPTION_SETTING_START_NS = 0x100a180
                0x00000001                __bl_FSP_BOOTABLE_IMAGE = 0x1
                0x00000001                __bln_FSP_BOOTABLE_IMAGE = 0x1
                0x00000000                PROJECT_SECURE_OR_FLAT = ((! (DEFINED (PROJECT_NONSECURE)) && OPTION_SETTING_LENGTH) && ! (DEFINED (FSP_BOOTABLE_IMAGE)))
                0x00000000                USE_OPTION_SETTING_NS = (DEFINED (PROJECT_NONSECURE) && ! (DEFINED (FSP_BOOTABLE_IMAGE)))
                0x00000000                __bl_FLASH_IMAGE_START = ! (DEFINED (FLASH_BOOTLOADER_LENGTH))?0x0:(FLASH_APPLICATION_IMAGE_NUMBER == 0x1)?(FLASH_BOOTLOADER_LENGTH + FLASH_BOOTLOADER_HEADER_LENGTH):(((FLASH_BOOTLOADER_LENGTH + FLASH_BOOTLOADER_SCRATCH_LENGTH) + FLASH_APPLICATION_S_LENGTH) + FLASH_BOOTLOADER_HEADER_LENGTH)
                0x00000000                __bl_FLASH_IMAGE_LENGTH = ! (DEFINED (FLASH_BOOTLOADER_LENGTH))?0x0:(FLASH_APPLICATION_S_LENGTH - FLASH_BOOTLOADER_HEADER_LENGTH)
                0x00000000                __bl_FLASH_IMAGE_END = (__bl_FLASH_IMAGE_START + __bl_FLASH_IMAGE_LENGTH)
                0x00000000                __bl_FLASH_NS_START = ! (DEFINED (FLASH_BOOTLOADER_LENGTH))?0x0:(FLASH_APPLICATION_NS_LENGTH == 0x0)?__bl_FLASH_IMAGE_END:((__bl_FLASH_IMAGE_START - FLASH_BOOTLOADER_HEADER_LENGTH) + FLASH_APPLICATION_S_LENGTH)
                0x00000000                __bl_FLASH_NSC_START = ! (DEFINED (FLASH_BOOTLOADER_LENGTH))?0x0:(FLASH_APPLICATION_NS_LENGTH == 0x0)?__bl_FLASH_IMAGE_END:(__bl_FLASH_NS_START - FLASH_APPLICATION_NSC_LENGTH)
                0x00000000                __bl_RAM_NS_START = ! (DEFINED (FLASH_BOOTLOADER_LENGTH))?0x0:(FLASH_APPLICATION_NS_LENGTH == 0x0)?(RAM_START + RAM_LENGTH):((RAM_START + RAM_LENGTH) - RAM_APPLICATION_NS_LENGTH)
                0x00000000                __bl_RAM_NSC_START = ! (DEFINED (FLASH_BOOTLOADER_LENGTH))?0x0:(FLASH_APPLICATION_NS_LENGTH == 0x0)?(RAM_START + RAM_LENGTH):(__bl_RAM_NS_START - RAM_APPLICATION_NSC_LENGTH)
                0x00000000                __bl_FLASH_NS_IMAGE_START = ! (DEFINED (FLASH_BOOTLOADER_LENGTH))?0x0:(FLASH_APPLICATION_NS_LENGTH == 0x0)?__bl_FLASH_IMAGE_END:(__bl_FLASH_NS_START + FLASH_BOOTLOADER_HEADER_LENGTH_2)
                0x00000000                __bln_FLASH_IMAGE_START = __bl_FLASH_NS_IMAGE_START
                0x00000000                __bln_FLASH_IMAGE_LENGTH = ! (DEFINED (FLASH_BOOTLOADER_LENGTH))?0x0:(FLASH_APPLICATION_NS_LENGTH == 0x0)?__bl_FLASH_IMAGE_END:(FLASH_APPLICATION_NS_LENGTH - FLASH_BOOTLOADER_HEADER_LENGTH_2)
                0x00000000                FLASH_ORIGIN = DEFINED (FLASH_IMAGE_START)?FLASH_IMAGE_START:FLASH_START
                0x00200000                LIMITED_FLASH_LENGTH = DEFINED (FLASH_IMAGE_LENGTH)?FLASH_IMAGE_LENGTH:DEFINED (FLASH_BOOTLOADER_LENGTH)?FLASH_BOOTLOADER_LENGTH:FLASH_LENGTH
START GROUP
LOAD c:/renesas/ra/e2studio_v2021-10_fsp_v3.5.0/toolchains/gcc_arm/gcc-arm-none-eabi-10.3-2021.10/bin/../lib/gcc/arm-none-eabi/10.3.1/thumb/v7e-m+fp/hard\libgcc.a
LOAD c:/renesas/ra/e2studio_v2021-10_fsp_v3.5.0/toolchains/gcc_arm/gcc-arm-none-eabi-10.3-2021.10/bin/../lib/gcc/arm-none-eabi/10.3.1/../../../../arm-none-eabi/lib/thumb/v7e-m+fp/hard\libc.a
LOAD c:/renesas/ra/e2studio_v2021-10_fsp_v3.5.0/toolchains/gcc_arm/gcc-arm-none-eabi-10.3-2021.10/bin/../lib/gcc/arm-none-eabi/10.3.1/../../../../arm-none-eabi/lib/thumb/v7e-m+fp/hard\libm.a
LOAD c:/renesas/ra/e2studio_v2021-10_fsp_v3.5.0/toolchains/gcc_arm/gcc-arm-none-eabi-10.3-2021.10/bin/../lib/gcc/arm-none-eabi/10.3.1/../../../../arm-none-eabi/lib/thumb/v7e-m+fp/hard\libnosys.a
END GROUP

.text           0x00000000     0x133c
                0x00000000                __tz_FLASH_S = ABSOLUTE (FLASH_START)
                0x00000000                __ROM_Start = .
 *(.fixed_vectors*)
 .fixed_vectors
                0x00000000       0x40 ./ra/fsp/src/bsp/cmsis/Device/RENESAS/Source/startup.o
                0x00000000                __Vectors
 *(.application_vectors*)
 .application_vectors
                0x00000040      0x180 ./ra_gen/vector_data.o
                0x00000040                g_vector_table
                0x000001c0                __Vectors_End = .
                0x00000400                . = (OPTION_SETTING_LENGTH > 0x0)?.:(__ROM_Start + 0x400)
 *fill*         0x000001c0      0x240 ff
 *(.rom_registers*)
 .rom_registers
                0x00000400       0x3c ./ra/fsp/src/bsp/mcu/all/bsp_rom_registers.o
                0x00000500                . = (OPTION_SETTING_LENGTH > 0x0)?.:(__ROM_Start + 0x500)
 *fill*         0x0000043c       0xc4 ff
                0x00000500                . = ALIGN (0x80)
 *(.mcuboot_sce9_key*)
 *(.text*)
 .text          0x00000500       0x40 c:/renesas/ra/e2studio_v2021-10_fsp_v3.5.0/toolchains/gcc_arm/gcc-arm-none-eabi-10.3-2021.10/bin/../lib/gcc/arm-none-eabi/10.3.1/thumb/v7e-m+fp/hard/crtbegin.o
 .text.IRQ_Setting
                0x00000540       0x68 ./src/irq/irq.o
                0x00000540                IRQ_Setting
 .text.R_IRQ_Interrupt
                0x000005a8       0x68 ./src/irq/irq.o
                0x000005a8                R_IRQ_Interrupt
 .text.DC_initial
                0x00000610       0x90 ./src/dc/dc.o
                0x00000610                DC_initial
 .text.R_BSP_WarmStart
                0x000006a0       0x18 ./src/bsp_warmstart/bsp.o
                0x000006a0                R_BSP_WarmStart
 .text.hal_entry
                0x000006b8       0x40 ./src/hal_entry.o
                0x000006b8                hal_entry
 .text.startup.main
                0x000006f8        0xc ./ra_gen/main.o
                0x000006f8                main
 .text.r_sci_uart_call_callback
                0x00000704       0x44 ./ra/fsp/src/r_sci_uart/r_sci_uart.o
 .text.sci_uart_txi_isr
                0x00000748       0x88 ./ra/fsp/src/r_sci_uart/r_sci_uart.o
                0x00000748                sci_uart_txi_isr
 .text.sci_uart_rxi_isr
                0x000007d0       0x8c ./ra/fsp/src/r_sci_uart/r_sci_uart.o
                0x000007d0                sci_uart_rxi_isr
 .text.sci_uart_tei_isr
                0x0000085c       0x3c ./ra/fsp/src/r_sci_uart/r_sci_uart.o
                0x0000085c                sci_uart_tei_isr
 .text.sci_uart_eri_isr
                0x00000898       0x70 ./ra/fsp/src/r_sci_uart/r_sci_uart.o
                0x00000898                sci_uart_eri_isr
 .text.R_IOPORT_Close
                0x00000908        0x8 ./ra/fsp/src/r_ioport/r_ioport.o
                0x00000908                R_IOPORT_Close
 .text.R_IOPORT_PinRead
                0x00000910       0x1c ./ra/fsp/src/r_ioport/r_ioport.o
                0x00000910                R_IOPORT_PinRead
 .text.R_IOPORT_PortRead
                0x0000092c       0x14 ./ra/fsp/src/r_ioport/r_ioport.o
                0x0000092c                R_IOPORT_PortRead
 .text.R_IOPORT_PortWrite
                0x00000940       0x1c ./ra/fsp/src/r_ioport/r_ioport.o
                0x00000940                R_IOPORT_PortWrite
 .text.R_IOPORT_PinWrite
                0x0000095c       0x20 ./ra/fsp/src/r_ioport/r_ioport.o
                0x0000095c                R_IOPORT_PinWrite
 .text.R_IOPORT_PortDirectionSet
                0x0000097c       0x28 ./ra/fsp/src/r_ioport/r_ioport.o
                0x0000097c                R_IOPORT_PortDirectionSet
 .text.R_IOPORT_PortEventInputRead
                0x000009a4       0x18 ./ra/fsp/src/r_ioport/r_ioport.o
                0x000009a4                R_IOPORT_PortEventInputRead
 .text.R_IOPORT_PinEventInputRead
                0x000009bc       0x30 ./ra/fsp/src/r_ioport/r_ioport.o
                0x000009bc                R_IOPORT_PinEventInputRead
 .text.R_IOPORT_PortEventOutputWrite
                0x000009ec       0x1c ./ra/fsp/src/r_ioport/r_ioport.o
                0x000009ec                R_IOPORT_PortEventOutputWrite
 .text.R_IOPORT_EthernetModeCfg
                0x00000a08        0xc ./ra/fsp/src/r_ioport/r_ioport.o
                0x00000a08                R_IOPORT_EthernetModeCfg
 .text.R_IOPORT_PinEventOutputWrite
                0x00000a14       0x38 ./ra/fsp/src/r_ioport/r_ioport.o
                0x00000a14                R_IOPORT_PinEventOutputWrite
 .text.bsp_vbatt_init
                0x00000a4c       0xac ./ra/fsp/src/r_ioport/r_ioport.o
 .text.r_ioport_pins_config
                0x00000af8       0xac ./ra/fsp/src/r_ioport/r_ioport.o
 .text.R_IOPORT_Open
                0x00000ba4       0x18 ./ra/fsp/src/r_ioport/r_ioport.o
                0x00000ba4                R_IOPORT_Open
 .text.R_IOPORT_PinsCfg
                0x00000bbc        0xc ./ra/fsp/src/r_ioport/r_ioport.o
                0x00000bbc                R_IOPORT_PinsCfg
 .text.R_IOPORT_PinCfg
                0x00000bc8       0xa8 ./ra/fsp/src/r_ioport/r_ioport.o
                0x00000bc8                R_IOPORT_PinCfg
 .text.R_ICU_ExternalIrqOpen
                0x00000c70       0x80 ./ra/fsp/src/r_icu/r_icu.o
                0x00000c70                R_ICU_ExternalIrqOpen
 .text.R_ICU_ExternalIrqEnable
                0x00000cf0       0x40 ./ra/fsp/src/r_icu/r_icu.o
                0x00000cf0                R_ICU_ExternalIrqEnable
 .text.r_icu_isr
                0x00000d30       0x6c ./ra/fsp/src/r_icu/r_icu.o
                0x00000d30                r_icu_isr
 .text.SystemCoreClockUpdate
                0x00000d9c       0x28 ./ra/fsp/src/bsp/mcu/all/bsp_clocks.o
                0x00000d9c                SystemCoreClockUpdate
 .text.bsp_clock_init
                0x00000dc4      0x104 ./ra/fsp/src/bsp/mcu/all/bsp_clocks.o
                0x00000dc4                bsp_clock_init
 .text.bsp_init_internal
                0x00000ec8        0x4 ./ra/fsp/src/bsp/mcu/all/bsp_common.o
                0x00000ec8                bsp_init_internal
                0x00000ec8                bsp_init
 .text.NMI_Handler
                0x00000ecc       0x38 ./ra/fsp/src/bsp/mcu/all/bsp_group_irq.o
                0x00000ecc                NMI_Handler
 .text.bsp_irq_cfg
                0x00000f04       0x28 ./ra/fsp/src/bsp/mcu/all/bsp_irq.o
                0x00000f04                bsp_irq_cfg
 .text.R_BSP_RegisterProtectEnable
                0x00000f2c       0x60 ./ra/fsp/src/bsp/mcu/all/bsp_register_protection.o
                0x00000f2c                R_BSP_RegisterProtectEnable
 .text.R_BSP_RegisterProtectDisable
                0x00000f8c       0x54 ./ra/fsp/src/bsp/mcu/all/bsp_register_protection.o
                0x00000f8c                R_BSP_RegisterProtectDisable
 .text.Default_Handler
                0x00000fe0        0x4 ./ra/fsp/src/bsp/cmsis/Device/RENESAS/Source/startup.o
                0x00000fe0                DebugMon_Handler
                0x00000fe0                HardFault_Handler
                0x00000fe0                SysTick_Handler
                0x00000fe0                PendSV_Handler
                0x00000fe0                UsageFault_Handler
                0x00000fe0                SecureFault_Handler
                0x00000fe0                Default_Handler
                0x00000fe0                MemManage_Handler
                0x00000fe0                SVC_Handler
                0x00000fe0                BusFault_Handler
 .text.Reset_Handler
                0x00000fe4        0xc ./ra/fsp/src/bsp/cmsis/Device/RENESAS/Source/startup.o
                0x00000fe4                Reset_Handler
 .text.SystemInit
                0x00000ff0       0xc0 ./ra/fsp/src/bsp/cmsis/Device/RENESAS/Source/system.o
                0x00000ff0                SystemInit
 .text.memcpy   0x000010b0       0x1c c:/renesas/ra/e2studio_v2021-10_fsp_v3.5.0/toolchains/gcc_arm/gcc-arm-none-eabi-10.3-2021.10/bin/../lib/gcc/arm-none-eabi/10.3.1/../../../../arm-none-eabi/lib/thumb/v7e-m+fp/hard\libg_nano.a(lib_a-memcpy-stub.o)
                0x000010b0                memcpy
 .text.memset   0x000010cc       0x10 c:/renesas/ra/e2studio_v2021-10_fsp_v3.5.0/toolchains/gcc_arm/gcc-arm-none-eabi-10.3-2021.10/bin/../lib/gcc/arm-none-eabi/10.3.1/../../../../arm-none-eabi/lib/thumb/v7e-m+fp/hard\libg_nano.a(lib_a-memset.o)
                0x000010cc                memset
 *(.version)
 .version       0x000010dc       0x50 ./ra/fsp/src/bsp/mcu/all/bsp_common.o
 *(.init)
 .init          0x0000112c        0x4 c:/renesas/ra/e2studio_v2021-10_fsp_v3.5.0/toolchains/gcc_arm/gcc-arm-none-eabi-10.3-2021.10/bin/../lib/gcc/arm-none-eabi/10.3.1/thumb/v7e-m+fp/hard/crti.o
                0x0000112c                _init
 .init          0x00001130        0x8 c:/renesas/ra/e2studio_v2021-10_fsp_v3.5.0/toolchains/gcc_arm/gcc-arm-none-eabi-10.3-2021.10/bin/../lib/gcc/arm-none-eabi/10.3.1/thumb/v7e-m+fp/hard/crtn.o
 *(.fini)
 .fini          0x00001138        0x4 c:/renesas/ra/e2studio_v2021-10_fsp_v3.5.0/toolchains/gcc_arm/gcc-arm-none-eabi-10.3-2021.10/bin/../lib/gcc/arm-none-eabi/10.3.1/thumb/v7e-m+fp/hard/crti.o
                0x00001138                _fini
 .fini          0x0000113c        0x8 c:/renesas/ra/e2studio_v2021-10_fsp_v3.5.0/toolchains/gcc_arm/gcc-arm-none-eabi-10.3-2021.10/bin/../lib/gcc/arm-none-eabi/10.3.1/thumb/v7e-m+fp/hard/crtn.o
 *crtbegin.o(.ctors)
 *crtbegin?.o(.ctors)
 *(EXCLUDE_FILE(*crtend.o *crtend?.o) .ctors)
 *(SORT_BY_NAME(.ctors.*))
 *(.ctors)
 *crtbegin.o(.dtors)
 *crtbegin?.o(.dtors)
 *(EXCLUDE_FILE(*crtend.o *crtend?.o) .dtors)
 *(SORT_BY_NAME(.dtors.*))
 *(.dtors)
 *(.rodata*)
 .rodata.g_ioport
                0x00001144        0xc ./ra_gen/common_data.o
                0x00001144                g_ioport
 .rodata.g_external_irq11_cfg
                0x00001150       0x14 ./ra_gen/hal_data.o
                0x00001150                g_external_irq11_cfg
 .rodata.g_external_irq12_cfg
                0x00001164       0x14 ./ra_gen/hal_data.o
                0x00001164                g_external_irq12_cfg
 .rodata.g_external_irq13_cfg
                0x00001178       0x14 ./ra_gen/hal_data.o
                0x00001178                g_external_irq13_cfg
 .rodata.g_external_irq14_cfg
                0x0000118c       0x14 ./ra_gen/hal_data.o
                0x0000118c                g_external_irq14_cfg
 .rodata.g_bsp_pin_cfg
                0x000011a0        0x8 ./ra_gen/pin_data.o
                0x000011a0                g_bsp_pin_cfg
 .rodata.g_bsp_pin_cfg_data
                0x000011a8       0x90 ./ra_gen/pin_data.o
                0x000011a8                g_bsp_pin_cfg_data
 .rodata.g_interrupt_event_link_select
                0x00001238       0xc0 ./ra_gen/vector_data.o
                0x00001238                g_interrupt_event_link_select
 .rodata.g_ioport_on_ioport
                0x000012f8       0x38 ./ra/fsp/src/r_ioport/r_ioport.o
                0x000012f8                g_ioport_on_ioport
 .rodata.g_prcr_masks
                0x00001330        0x8 ./ra/fsp/src/bsp/mcu/all/bsp_register_protection.o
                0x00001338                __usb_dev_descriptor_start_fs = .
 *(.usb_device_desc_fs*)
                0x00001338                __usb_cfg_descriptor_start_fs = .
 *(.usb_config_desc_fs*)
                0x00001338                __usb_interface_descriptor_start_fs = .
 *(.usb_interface_desc_fs*)
                0x00001338                __usb_descriptor_end_fs = .
                0x00001338                __usb_dev_descriptor_start_hs = .
 *(.usb_device_desc_hs*)
                0x00001338                __usb_cfg_descriptor_start_hs = .
 *(.usb_config_desc_hs*)
                0x00001338                __usb_interface_descriptor_start_hs = .
 *(.usb_interface_desc_hs*)
                0x00001338                __usb_descriptor_end_hs = .
 *(.eh_frame*)
 .eh_frame      0x00001338        0x0 c:/renesas/ra/e2studio_v2021-10_fsp_v3.5.0/toolchains/gcc_arm/gcc-arm-none-eabi-10.3-2021.10/bin/../lib/gcc/arm-none-eabi/10.3.1/thumb/v7e-m+fp/hard/crtbegin.o
 .eh_frame      0x00001338        0x4 c:/renesas/ra/e2studio_v2021-10_fsp_v3.5.0/toolchains/gcc_arm/gcc-arm-none-eabi-10.3-2021.10/bin/../lib/gcc/arm-none-eabi/10.3.1/thumb/v7e-m+fp/hard/crtend.o
                0x0000133c                __ROM_End = .
                0x000001c0                __Vectors_Size = (__Vectors_End - __Vectors)

.glue_7         0x0000133c        0x0
 .glue_7        0x0000133c        0x0 linker stubs

.glue_7t        0x0000133c        0x0
 .glue_7t       0x0000133c        0x0 linker stubs

.vfp11_veneer   0x0000133c        0x0
 .vfp11_veneer  0x0000133c        0x0 linker stubs

.v4_bx          0x0000133c        0x0
 .v4_bx         0x0000133c        0x0 linker stubs

.iplt           0x0000133c        0x0
 .iplt          0x0000133c        0x0 c:/renesas/ra/e2studio_v2021-10_fsp_v3.5.0/toolchains/gcc_arm/gcc-arm-none-eabi-10.3-2021.10/bin/../lib/gcc/arm-none-eabi/10.3.1/thumb/v7e-m+fp/hard/crtbegin.o

.ARM.extab
 *(.ARM.extab* .gnu.linkonce.armextab.*)
                0x0000133c                __exidx_start = .

.ARM.exidx
 *(.ARM.exidx* .gnu.linkonce.armexidx.*)
                0x0000133c                __exidx_end = .
                0x0000133c                __etext = .
                0x1ffe0000                __tz_RAM_S = ORIGIN (RAM)

.fsp_dtc_vector_table
                0x1ffe0000        0x0
                0x1ffe0000                . = ORIGIN (RAM)
 *(.fsp_dtc_vector_table)

.data           0x1ffe0000       0x14 load address 0x0000133c
                0x1ffe0000                __data_start__ = .
                0x1ffe0000                . = ALIGN (0x4)
                0x1ffe0000                __Code_In_RAM_Start = .
 *(.code_in_ram*)
                0x1ffe0000                __Code_In_RAM_End = .
 *(vtable)
 *(.data.*)
 .data.L293_CH0_Direction
                0x1ffe0000        0x2 ./src/dc/dc.o
                0x1ffe0000                L293_CH0_Direction
 .data.L293_CH0_Enable
                0x1ffe0002        0x2 ./src/dc/dc.o
                0x1ffe0002                L293_CH0_Enable
 .data.L293_CH0_Enable_Level
                0x1ffe0004        0x1 ./src/dc/dc.o
                0x1ffe0004                L293_CH0_Enable_Level
 *fill*         0x1ffe0005        0x3 
 .data.Timer_Period
                0x1ffe0008        0x4 ./src/dc/dc.o
                0x1ffe0008                Timer_Period
 *(.data)
                0x1ffe000c                . = ALIGN (0x4)
                0x1ffe000c                PROVIDE (__preinit_array_start = .)
 *(.preinit_array)
                0x1ffe000c                PROVIDE (__preinit_array_end = .)
                0x1ffe000c                . = ALIGN (0x4)
                0x1ffe000c                PROVIDE (__init_array_start = .)
 *(SORT_BY_NAME(.init_array.*))
 *(.init_array)
 .init_array    0x1ffe000c        0x4 c:/renesas/ra/e2studio_v2021-10_fsp_v3.5.0/toolchains/gcc_arm/gcc-arm-none-eabi-10.3-2021.10/bin/../lib/gcc/arm-none-eabi/10.3.1/thumb/v7e-m+fp/hard/crtbegin.o
                0x1ffe0010                PROVIDE (__init_array_end = .)
                0x1ffe0010                . = ALIGN (0x4)
                [!provide]                PROVIDE (__fini_array_start = .)
 *(SORT_BY_NAME(.fini_array.*))
 *(.fini_array)
 .fini_array    0x1ffe0010        0x4 c:/renesas/ra/e2studio_v2021-10_fsp_v3.5.0/toolchains/gcc_arm/gcc-arm-none-eabi-10.3-2021.10/bin/../lib/gcc/arm-none-eabi/10.3.1/thumb/v7e-m+fp/hard/crtbegin.o
                [!provide]                PROVIDE (__fini_array_end = .)
 *(.jcr*)
                0x1ffe0014                . = ALIGN (0x4)
                0x1ffe0014                __data_end__ = .

.igot.plt       0x1ffe0014        0x0 load address 0x00001350
 .igot.plt      0x1ffe0014        0x0 c:/renesas/ra/e2studio_v2021-10_fsp_v3.5.0/toolchains/gcc_arm/gcc-arm-none-eabi-10.3-2021.10/bin/../lib/gcc/arm-none-eabi/10.3.1/thumb/v7e-m+fp/hard/crtbegin.o

.gnu.sgstubs    0x00001400        0x0
                0x00001400                . = (DEFINED (PROJECT_SECURE) && DEFINED (FLASH_NSC_START))?ABSOLUTE (FLASH_NSC_START):ALIGN (0x400)
                0x00001400                __tz_FLASH_C = DEFINED (FLASH_NSC_START)?ABSOLUTE (FLASH_NSC_START):__RESERVE_NS_RAM?ABSOLUTE ((FLASH_START + FLASH_LENGTH)):ALIGN (0x400)
                0x00001400                _start_sg = .
 *(.gnu.sgstubs*)
                0x00001400                . = ALIGN (0x20)
                0x00001400                _end_sg = .
                0x00008000                __tz_FLASH_N = DEFINED (FLASH_NS_START)?ABSOLUTE (FLASH_NS_START):__RESERVE_NS_RAM?ABSOLUTE ((FLASH_START + FLASH_LENGTH)):(FLASH_LENGTH < 0x8000)?FLASH_LENGTH:ALIGN (0x8000)
                0x00008000                FLASH_NS_IMAGE_START = DEFINED (FLASH_NS_IMAGE_START)?FLASH_NS_IMAGE_START:__tz_FLASH_N
                0x60000000                __tz_QSPI_FLASH_S = ORIGIN (QSPI_FLASH)

.qspi_flash     0x60000000        0x0
                0x60000000                __qspi_flash_start__ = .
 *(.qspi_flash*)
 *(.code_in_qspi*)
                0x60000000                __qspi_flash_end__ = .
                0x00000000                __qspi_flash_code_size__ = (__qspi_flash_end__ - __qspi_flash_start__)
                0x00001350                __qspi_flash_code_addr__ = (__etext + (__data_end__ - __data_start__))

.qspi_non_retentive
                0x60000000        0x0 load address 0x00001350
                0x60000000                __qspi_non_retentive_start__ = .
 *(.qspi_non_retentive*)
                0x60000000                __qspi_non_retentive_end__ = .
                0x00000000                __qspi_non_retentive_size__ = (__qspi_non_retentive_end__ - __qspi_non_retentive_start__)
                0x04000000                __qspi_region_max_size__ = 0x4000000
                0x60000000                __qspi_region_start_address__ = __qspi_flash_start__
                0x64000000                __qspi_region_end_address__ = (__qspi_flash_start__ + __qspi_region_max_size__)
                0x60000000                __tz_QSPI_FLASH_N = __qspi_non_retentive_end__

.OSPI_DEVICE_0_NO_LOAD
                0x68000000        0x0
                0x68000000                . = ALIGN (0x4)
                0x68000000                __ospi_device_0_start__ = .
 *(.ospi_device_0_no_load*)
                0x68000000                . = ALIGN (0x4)
                0x68000000                __ospi_device_0_end__ = .

.OSPI_DEVICE_1_NO_LOAD
                0x70000000        0x0
                0x70000000                . = ALIGN (0x4)
                0x70000000                __ospi_device_1_start__ = .
 *(.ospi_device_1_no_load*)
                0x70000000                . = ALIGN (0x4)
                0x70000000                __ospi_device_1_end__ = .
                0x68000000                __tz_OSPI_DEVICE_0_S = ORIGIN (OSPI_DEVICE_0)

.OSPI_DEVICE_0  0x68000000        0x0
                0x68000000                __ospi_device_0_start__ = .
 *(.ospi_device_0*)
 *(.code_in_ospi_device_0*)
                0x68000000                __ospi_device_0_end__ = .
                0x00000000                __ospi_device_0_code_size__ = (__ospi_device_0_end__ - __ospi_device_0_start__)
                0x00001350                __ospi_device_0_code_addr__ = (__etext + (__data_end__ - __data_start__))

.ospi_device_0_non_retentive
                0x68000000        0x0 load address 0x00001350
                0x68000000                __ospi_device_0_non_retentive_start__ = .
 *(.ospi_device_0_non_retentive*)
                0x68000000                __ospi_device_0_non_retentive_end__ = .
                0x00000000                __ospi_device_0_non_retentive_size__ = (__ospi_device_0_non_retentive_end__ - __ospi_device_0_non_retentive_start__)
                0x08000000                __ospi_device_0_region_max_size__ = 0x8000000
                0x68000000                __ospi_device_0_region_start_address__ = __ospi_device_0_start__
                0x70000000                __ospi_device_0_region_end_address__ = (__ospi_device_0_start__ + __ospi_device_0_region_max_size__)
                0x68000000                __tz_OSPI_DEVICE_0_N = __ospi_device_0_non_retentive_end__
                0x70000000                __tz_OSPI_DEVICE_1_S = ORIGIN (OSPI_DEVICE_1)

.OSPI_DEVICE_1  0x70000000        0x0
                0x70000000                __ospi_device_1_start__ = .
 *(.ospi_device_1*)
 *(.code_in_ospi_device_1*)
                0x70000000                __ospi_device_1_end__ = .
                0x00000000                __ospi_device_1_code_size__ = (__ospi_device_1_end__ - __ospi_device_1_start__)
                0x00001350                __ospi_device_1_code_addr__ = (__etext + (__data_end__ - __data_start__))

.ospi_device_1_non_retentive
                0x70000000        0x0 load address 0x00001350
                0x70000000                __ospi_device_1_non_retentive_start__ = .
 *(.ospi_device_1_non_retentive*)
                0x70000000                __ospi_device_1_non_retentive_end__ = .
                0x00000000                __ospi_device_1_non_retentive_size__ = (__ospi_device_1_non_retentive_end__ - __ospi_device_1_non_retentive_start__)
                0x10000000                __ospi_device_1_region_max_size__ = 0x10000000
                0x70000000                __ospi_device_1_region_start_address__ = __ospi_device_1_start__
                0x80000000                __ospi_device_1_region_end_address__ = (__ospi_device_1_start__ + __ospi_device_1_region_max_size__)
                0x70000000                __tz_OSPI_DEVICE_1_N = __ospi_device_1_non_retentive_end__

.noinit         0x1ffe0014       0x1c
                0x1ffe0014                . = ALIGN (0x4)
                0x1ffe0014                __noinit_start = .
 *(.noinit*)
 .noinit        0x1ffe0014       0x18 ./ra/fsp/src/bsp/mcu/all/bsp_clocks.o
                0x1ffe0030                . = ALIGN (0x8)
 *fill*         0x1ffe002c        0x4 
 *(.heap.*)
                0x1ffe0030                __noinit_end = .

.bss            0x1ffe0030      0x23c
                0x1ffe0030                . = ALIGN (0x4)
                0x1ffe0030                __bss_start__ = .
 *(.bss*)
 .bss           0x1ffe0030       0x1c c:/renesas/ra/e2studio_v2021-10_fsp_v3.5.0/toolchains/gcc_arm/gcc-arm-none-eabi-10.3-2021.10/bin/../lib/gcc/arm-none-eabi/10.3.1/thumb/v7e-m+fp/hard/crtbegin.o
 .bss.Toggle    0x1ffe004c        0x4 ./src/globals/globals.o
                0x1ffe004c                Toggle
 .bss.L293_CH0_Direction_Level
                0x1ffe0050        0x1 ./src/dc/dc.o
                0x1ffe0050                L293_CH0_Direction_Level
 *fill*         0x1ffe0051        0x3 
 .bss.g_ioport_ctrl
                0x1ffe0054        0x8 ./ra_gen/common_data.o
                0x1ffe0054                g_ioport_ctrl
 .bss.g_external_irq11_ctrl
                0x1ffe005c       0x10 ./ra_gen/hal_data.o
                0x1ffe005c                g_external_irq11_ctrl
 .bss.g_external_irq12_ctrl
                0x1ffe006c       0x10 ./ra_gen/hal_data.o
                0x1ffe006c                g_external_irq12_ctrl
 .bss.g_external_irq13_ctrl
                0x1ffe007c       0x10 ./ra_gen/hal_data.o
                0x1ffe007c                g_external_irq13_ctrl
 .bss.g_external_irq14_ctrl
                0x1ffe008c       0x10 ./ra_gen/hal_data.o
                0x1ffe008c                g_external_irq14_ctrl
 .bss.g_bsp_group_irq_sources
                0x1ffe009c       0x40 ./ra/fsp/src/bsp/mcu/all/bsp_group_irq.o
                0x1ffe009c                g_bsp_group_irq_sources
 .bss.g_protect_pfswe_counter
                0x1ffe00dc        0x4 ./ra/fsp/src/bsp/mcu/all/bsp_io.o
                0x1ffe00dc                g_protect_pfswe_counter
 .bss.gp_renesas_isr_context
                0x1ffe00e0      0x180 ./ra/fsp/src/bsp/mcu/all/bsp_irq.o
                0x1ffe00e0                gp_renesas_isr_context
 .bss.g_protect_counters
                0x1ffe0260        0x8 ./ra/fsp/src/bsp/mcu/all/bsp_register_protection.o
                0x1ffe0260                g_protect_counters
 .bss.SystemCoreClock
                0x1ffe0268        0x4 ./ra/fsp/src/bsp/cmsis/Device/RENESAS/Source/system.o
                0x1ffe0268                SystemCoreClock
 *(COMMON)
                0x1ffe026c                . = ALIGN (0x4)
                0x1ffe026c                __bss_end__ = .

.heap           0x1ffe0270     0x1000
                0x1ffe0270                . = ALIGN (0x8)
                0x1ffe0270                __HeapBase = .
 *(.heap)
 .heap          0x1ffe0270     0x1000 ./ra/fsp/src/bsp/cmsis/Device/RENESAS/Source/startup.o
                0x1ffe1270                __HeapLimit = .

.stack_dummy    0x1ffe1270      0x400
                0x1ffe1270                . = ALIGN (0x8)
                0x1ffe1270                __StackLimit = .
 *(.stack)
 .stack         0x1ffe1270      0x400 ./ra/fsp/src/bsp/cmsis/Device/RENESAS/Source/startup.o
                0x1ffe1670                __StackTop = .
 *(.stack*)
                0x1ffe1670                __StackTopAll = .
                0x1ffe1670                PROVIDE (__stack = __StackTopAll)
                0x1ffe1670                __RAM_segment_used_end__ = ALIGN (__StackTopAll, 0x4)
                0x1ffe1800                __tz_RAM_C = DEFINED (RAM_NSC_START)?ABSOLUTE (RAM_NSC_START):__RESERVE_NS_RAM?ABSOLUTE (RAM_NS_BUFFER_BLOCK_START):ALIGN (__RAM_segment_used_end__, 0x400)
                0x1ffe2000                __tz_RAM_N = DEFINED (RAM_NS_START)?ABSOLUTE (RAM_NS_START):__RESERVE_NS_RAM?ABSOLUTE (RAM_NS_BUFFER_BLOCK_START):ALIGN (__tz_RAM_C, 0x2000)

.ns_buffer      0x1ffe1670        0x0
                0x1ffe1670                . = __RESERVE_NS_RAM?ABSOLUTE ((RAM_NS_BUFFER_START & 0xffffffe0)):.
 *(.ns_buffer*)

.data_flash     0x40100000        0x0
                0x40100000                . = ORIGIN (DATA_FLASH)
                0x40100000                __tz_DATA_FLASH_S = .
                0x40100000                __Data_Flash_Start = .
 *(.data_flash*)
                0x40100000                __Data_Flash_End = .
                0x40100000                __tz_DATA_FLASH_N = DEFINED (DATA_FLASH_NS_START)?ABSOLUTE (DATA_FLASH_NS_START):__RESERVE_NS_RAM?ABSOLUTE ((DATA_FLASH_START + DATA_FLASH_LENGTH)):ALIGN (0x400)
                0x90000000                __tz_SDRAM_S = ORIGIN (SDRAM)

.sdram          0x90000000        0x0
                0x90000000                __SDRAM_Start = .
 *(.sdram*)
 *(.frame*)
                0x90000000                __SDRAM_End = .
                0x90000000                __tz_SDRAM_N = __SDRAM_End
                0x0100a150                __tz_ID_CODE_S = ORIGIN (ID_CODE)

.id_code        0x0100a150       0x10
                0x0100a150                __ID_Code_Start = .
 *(.id_code*)
 .id_code       0x0100a150       0x10 ./ra/fsp/src/bsp/mcu/all/bsp_rom_registers.o
                0x0100a160                __ID_Code_End = .
                0x0100a160                __tz_ID_CODE_N = __ID_Code_End
                0x00000000                __tz_OPTION_SETTING_S = ORIGIN (OPTION_SETTING)

.rel.dyn        0x0100a160        0x0
 .rel.iplt      0x0100a160        0x0 c:/renesas/ra/e2studio_v2021-10_fsp_v3.5.0/toolchains/gcc_arm/gcc-arm-none-eabi-10.3-2021.10/bin/../lib/gcc/arm-none-eabi/10.3.1/thumb/v7e-m+fp/hard/crtbegin.o

.option_setting
                0x00000000        0x0
                0x00000000                __OPTION_SETTING_Start = .
 *(.option_setting_ofs0)
                0x00000000                . = PROJECT_SECURE_OR_FLAT?(__OPTION_SETTING_Start + 0x10):__OPTION_SETTING_Start
 *(.option_setting_dualsel)
                0x00000000                . = PROJECT_SECURE_OR_FLAT?(__OPTION_SETTING_Start + 0x34):__OPTION_SETTING_Start
 *(.option_setting_sas)
                0x00000000                __OPTION_SETTING_End = .
                0x0100a180                __tz_OPTION_SETTING_N = OPTION_SETTING_START_NS

.option_setting_ns
                0x00000000        0x0
                0x00000000                __OPTION_SETTING_NS_Start = .
 *(.option_setting_ofs1)
                0x00000000                . = USE_OPTION_SETTING_NS?(__OPTION_SETTING_NS_Start + 0x10):__OPTION_SETTING_NS_Start
 *(.option_setting_banksel)
                0x00000000                . = USE_OPTION_SETTING_NS?(__OPTION_SETTING_NS_Start + 0x40):__OPTION_SETTING_NS_Start
 *(.option_setting_bps0)
                0x00000000                . = USE_OPTION_SETTING_NS?(__OPTION_SETTING_NS_Start + 0x44):__OPTION_SETTING_NS_Start
 *(.option_setting_bps1)
                0x00000000                . = USE_OPTION_SETTING_NS?(__OPTION_SETTING_NS_Start + 0x48):__OPTION_SETTING_NS_Start
 *(.option_setting_bps2)
                0x00000000                . = USE_OPTION_SETTING_NS?(__OPTION_SETTING_NS_Start + 0x60):__OPTION_SETTING_NS_Start
 *(.option_setting_pbps0)
                0x00000000                . = USE_OPTION_SETTING_NS?(__OPTION_SETTING_NS_Start + 0x64):__OPTION_SETTING_NS_Start
 *(.option_setting_pbps1)
                0x00000000                . = USE_OPTION_SETTING_NS?(__OPTION_SETTING_NS_Start + 0x68):__OPTION_SETTING_NS_Start
 *(.option_setting_pbps2)
                0x00000000                __OPTION_SETTING_NS_End = .
                0x00000000                __tz_OPTION_SETTING_S_S = ORIGIN (OPTION_SETTING_S)

.option_setting_s
                0x00000000        0x0
                0x00000000                __OPTION_SETTING_S_Start = .
 *(.option_setting_ofs1_sec)
                0x00000000                . = PROJECT_SECURE_OR_FLAT?(__OPTION_SETTING_S_Start + 0x10):__OPTION_SETTING_S_Start
 *(.option_setting_banksel_sec)
                0x00000000                . = PROJECT_SECURE_OR_FLAT?(__OPTION_SETTING_S_Start + 0x40):__OPTION_SETTING_S_Start
 *(.option_setting_bps_sec0)
                0x00000000                . = PROJECT_SECURE_OR_FLAT?(__OPTION_SETTING_S_Start + 0x44):__OPTION_SETTING_S_Start
 *(.option_setting_bps_sec1)
                0x00000000                . = PROJECT_SECURE_OR_FLAT?(__OPTION_SETTING_S_Start + 0x48):__OPTION_SETTING_S_Start
 *(.option_setting_bps_sec2)
                0x00000000                . = PROJECT_SECURE_OR_FLAT?(__OPTION_SETTING_S_Start + 0x60):__OPTION_SETTING_S_Start
 *(.option_setting_pbps_sec0)
                0x00000000                . = PROJECT_SECURE_OR_FLAT?(__OPTION_SETTING_S_Start + 0x64):__OPTION_SETTING_S_Start
 *(.option_setting_pbps_sec1)
                0x00000000                . = PROJECT_SECURE_OR_FLAT?(__OPTION_SETTING_S_Start + 0x68):__OPTION_SETTING_S_Start
 *(.option_setting_pbps_sec2)
                0x00000000                . = PROJECT_SECURE_OR_FLAT?(__OPTION_SETTING_S_Start + 0x80):__OPTION_SETTING_S_Start
 *(.option_setting_ofs1_sel)
                0x00000000                . = PROJECT_SECURE_OR_FLAT?(__OPTION_SETTING_S_Start + 0x90):__OPTION_SETTING_S_Start
 *(.option_setting_banksel_sel)
                0x00000000                . = PROJECT_SECURE_OR_FLAT?(__OPTION_SETTING_S_Start + 0xc0):__OPTION_SETTING_S_Start
 *(.option_setting_bps_sel0)
                0x00000000                . = PROJECT_SECURE_OR_FLAT?(__OPTION_SETTING_S_Start + 0xc4):__OPTION_SETTING_S_Start
 *(.option_setting_bps_sel1)
                0x00000000                . = PROJECT_SECURE_OR_FLAT?(__OPTION_SETTING_S_Start + 0xc8):__OPTION_SETTING_S_Start
 *(.option_setting_bps_sel2)
                0x00000000                __OPTION_SETTING_S_End = .
                0x00000000                __tz_OPTION_SETTING_S_N = __OPTION_SETTING_S_End
OUTPUT(GPIO.elf elf32-littlearm)
LOAD linker stubs

.ARM.attributes
                0x00000000       0x30
 .ARM.attributes
                0x00000000       0x1e c:/renesas/ra/e2studio_v2021-10_fsp_v3.5.0/toolchains/gcc_arm/gcc-arm-none-eabi-10.3-2021.10/bin/../lib/gcc/arm-none-eabi/10.3.1/thumb/v7e-m+fp/hard/crti.o
 .ARM.attributes
                0x0000001e       0x34 c:/renesas/ra/e2studio_v2021-10_fsp_v3.5.0/toolchains/gcc_arm/gcc-arm-none-eabi-10.3-2021.10/bin/../lib/gcc/arm-none-eabi/10.3.1/thumb/v7e-m+fp/hard/crtbegin.o
 .ARM.attributes
                0x00000052       0x34 ./src/irq/irq.o
 .ARM.attributes
                0x00000086       0x34 ./src/globals/globals.o
 .ARM.attributes
                0x000000ba       0x34 ./src/dc/dc.o
 .ARM.attributes
                0x000000ee       0x34 ./src/bsp_warmstart/bsp.o
 .ARM.attributes
                0x00000122       0x34 ./src/hal_entry.o
 .ARM.attributes
                0x00000156       0x34 ./ra_gen/common_data.o
 .ARM.attributes
                0x0000018a       0x34 ./ra_gen/hal_data.o
 .ARM.attributes
                0x000001be       0x34 ./ra_gen/main.o
 .ARM.attributes
                0x000001f2       0x34 ./ra_gen/pin_data.o
 .ARM.attributes
                0x00000226       0x34 ./ra_gen/vector_data.o
 .ARM.attributes
                0x0000025a       0x34 ./ra/fsp/src/r_sci_uart/r_sci_uart.o
 .ARM.attributes
                0x0000028e       0x34 ./ra/fsp/src/r_ioport/r_ioport.o
 .ARM.attributes
                0x000002c2       0x34 ./ra/fsp/src/r_icu/r_icu.o
 .ARM.attributes
                0x000002f6       0x34 ./ra/fsp/src/bsp/mcu/all/bsp_clocks.o
 .ARM.attributes
                0x0000032a       0x34 ./ra/fsp/src/bsp/mcu/all/bsp_common.o
 .ARM.attributes
                0x0000035e       0x34 ./ra/fsp/src/bsp/mcu/all/bsp_group_irq.o
 .ARM.attributes
                0x00000392       0x34 ./ra/fsp/src/bsp/mcu/all/bsp_io.o
 .ARM.attributes
                0x000003c6       0x34 ./ra/fsp/src/bsp/mcu/all/bsp_irq.o
 .ARM.attributes
                0x000003fa       0x34 ./ra/fsp/src/bsp/mcu/all/bsp_register_protection.o
 .ARM.attributes
                0x0000042e       0x34 ./ra/fsp/src/bsp/mcu/all/bsp_rom_registers.o
 .ARM.attributes
                0x00000462       0x34 ./ra/fsp/src/bsp/cmsis/Device/RENESAS/Source/startup.o
 .ARM.attributes
                0x00000496       0x34 ./ra/fsp/src/bsp/cmsis/Device/RENESAS/Source/system.o
 .ARM.attributes
                0x000004ca       0x34 c:/renesas/ra/e2studio_v2021-10_fsp_v3.5.0/toolchains/gcc_arm/gcc-arm-none-eabi-10.3-2021.10/bin/../lib/gcc/arm-none-eabi/10.3.1/../../../../arm-none-eabi/lib/thumb/v7e-m+fp/hard\libg_nano.a(lib_a-memcpy-stub.o)
 .ARM.attributes
                0x000004fe       0x34 c:/renesas/ra/e2studio_v2021-10_fsp_v3.5.0/toolchains/gcc_arm/gcc-arm-none-eabi-10.3-2021.10/bin/../lib/gcc/arm-none-eabi/10.3.1/../../../../arm-none-eabi/lib/thumb/v7e-m+fp/hard\libg_nano.a(lib_a-memset.o)
 .ARM.attributes
                0x00000532       0x34 c:/renesas/ra/e2studio_v2021-10_fsp_v3.5.0/toolchains/gcc_arm/gcc-arm-none-eabi-10.3-2021.10/bin/../lib/gcc/arm-none-eabi/10.3.1/thumb/v7e-m+fp/hard/crtend.o
 .ARM.attributes
                0x00000566       0x1e c:/renesas/ra/e2studio_v2021-10_fsp_v3.5.0/toolchains/gcc_arm/gcc-arm-none-eabi-10.3-2021.10/bin/../lib/gcc/arm-none-eabi/10.3.1/thumb/v7e-m+fp/hard/crtn.o

.comment        0x00000000       0x49
 .comment       0x00000000       0x49 ./src/irq/irq.o
                                 0x4a (size before relaxing)
 .comment       0x00000049       0x4a ./src/globals/globals.o
 .comment       0x00000049       0x4a ./src/dc/dc.o
 .comment       0x00000049       0x4a ./src/bsp_warmstart/bsp.o
 .comment       0x00000049       0x4a ./src/hal_entry.o
 .comment       0x00000049       0x4a ./ra_gen/common_data.o
 .comment       0x00000049       0x4a ./ra_gen/hal_data.o
 .comment       0x00000049       0x4a ./ra_gen/main.o
 .comment       0x00000049       0x4a ./ra_gen/pin_data.o
 .comment       0x00000049       0x4a ./ra_gen/vector_data.o
 .comment       0x00000049       0x4a ./ra/fsp/src/r_sci_uart/r_sci_uart.o
 .comment       0x00000049       0x4a ./ra/fsp/src/r_ioport/r_ioport.o
 .comment       0x00000049       0x4a ./ra/fsp/src/r_icu/r_icu.o
 .comment       0x00000049       0x4a ./ra/fsp/src/bsp/mcu/all/bsp_clocks.o
 .comment       0x00000049       0x4a ./ra/fsp/src/bsp/mcu/all/bsp_common.o
 .comment       0x00000049       0x4a ./ra/fsp/src/bsp/mcu/all/bsp_group_irq.o
 .comment       0x00000049       0x4a ./ra/fsp/src/bsp/mcu/all/bsp_io.o
 .comment       0x00000049       0x4a ./ra/fsp/src/bsp/mcu/all/bsp_irq.o
 .comment       0x00000049       0x4a ./ra/fsp/src/bsp/mcu/all/bsp_register_protection.o
 .comment       0x00000049       0x4a ./ra/fsp/src/bsp/mcu/all/bsp_rom_registers.o
 .comment       0x00000049       0x4a ./ra/fsp/src/bsp/cmsis/Device/RENESAS/Source/startup.o
 .comment       0x00000049       0x4a ./ra/fsp/src/bsp/cmsis/Device/RENESAS/Source/system.o

.debug_info     0x00000000    0x2b24a
 .debug_info    0x00000000     0x2ad5 ./src/irq/irq.o
 .debug_info    0x00002ad5       0xca ./src/globals/globals.o
 .debug_info    0x00002b9f     0x2e8d ./src/dc/dc.o
 .debug_info    0x00005a2c     0x1261 ./src/bsp_warmstart/bsp.o
 .debug_info    0x00006c8d      0x844 ./src/hal_entry.o
 .debug_info    0x000074d1     0x122f ./ra_gen/common_data.o
 .debug_info    0x00008700     0x36f2 ./ra_gen/hal_data.o
 .debug_info    0x0000bdf2       0xb1 ./ra_gen/main.o
 .debug_info    0x0000bea3      0x9e1 ./ra_gen/pin_data.o
 .debug_info    0x0000c884      0x9fd ./ra_gen/vector_data.o
 .debug_info    0x0000d281     0x959e ./ra/fsp/src/r_sci_uart/r_sci_uart.o
 .debug_info    0x0001681f     0x6909 ./ra/fsp/src/r_ioport/r_ioport.o
 .debug_info    0x0001d128     0x1d87 ./ra/fsp/src/r_icu/r_icu.o
 .debug_info    0x0001eeaf     0x440f ./ra/fsp/src/bsp/mcu/all/bsp_clocks.o
 .debug_info    0x000232be      0x8a3 ./ra/fsp/src/bsp/mcu/all/bsp_common.o
 .debug_info    0x00023b61     0x1370 ./ra/fsp/src/bsp/mcu/all/bsp_group_irq.o
 .debug_info    0x00024ed1       0xaa ./ra/fsp/src/bsp/mcu/all/bsp_io.o
 .debug_info    0x00024f7b     0x1532 ./ra/fsp/src/bsp/mcu/all/bsp_irq.o
 .debug_info    0x000264ad     0x39e6 ./ra/fsp/src/bsp/mcu/all/bsp_register_protection.o
 .debug_info    0x00029e93       0xdd ./ra/fsp/src/bsp/mcu/all/bsp_rom_registers.o
 .debug_info    0x00029f70      0x16c ./ra/fsp/src/bsp/cmsis/Device/RENESAS/Source/startup.o
 .debug_info    0x0002a0dc     0x116e ./ra/fsp/src/bsp/cmsis/Device/RENESAS/Source/system.o

.debug_abbrev   0x00000000     0x2a30
 .debug_abbrev  0x00000000      0x23a ./src/irq/irq.o
 .debug_abbrev  0x0000023a       0x5e ./src/globals/globals.o
 .debug_abbrev  0x00000298      0x1aa ./src/dc/dc.o
 .debug_abbrev  0x00000442      0x165 ./src/bsp_warmstart/bsp.o
 .debug_abbrev  0x000005a7      0x114 ./src/hal_entry.o
 .debug_abbrev  0x000006bb      0x150 ./ra_gen/common_data.o
 .debug_abbrev  0x0000080b      0x268 ./ra_gen/hal_data.o
 .debug_abbrev  0x00000a73       0x66 ./ra_gen/main.o
 .debug_abbrev  0x00000ad9       0xdc ./ra_gen/pin_data.o
 .debug_abbrev  0x00000bb5       0xa7 ./ra_gen/vector_data.o
 .debug_abbrev  0x00000c5c      0x5b7 ./ra/fsp/src/r_sci_uart/r_sci_uart.o
 .debug_abbrev  0x00001213      0x421 ./ra/fsp/src/r_ioport/r_ioport.o
 .debug_abbrev  0x00001634      0x472 ./ra/fsp/src/r_icu/r_icu.o
 .debug_abbrev  0x00001aa6      0x382 ./ra/fsp/src/bsp/mcu/all/bsp_clocks.o
 .debug_abbrev  0x00001e28      0x177 ./ra/fsp/src/bsp/mcu/all/bsp_common.o
 .debug_abbrev  0x00001f9f      0x254 ./ra/fsp/src/bsp/mcu/all/bsp_group_irq.o
 .debug_abbrev  0x000021f3       0x5e ./ra/fsp/src/bsp/mcu/all/bsp_io.o
 .debug_abbrev  0x00002251      0x1ad ./ra/fsp/src/bsp/mcu/all/bsp_irq.o
 .debug_abbrev  0x000023fe      0x277 ./ra/fsp/src/bsp/mcu/all/bsp_register_protection.o
 .debug_abbrev  0x00002675       0x5f ./ra/fsp/src/bsp/mcu/all/bsp_rom_registers.o
 .debug_abbrev  0x000026d4       0xe6 ./ra/fsp/src/bsp/cmsis/Device/RENESAS/Source/startup.o
 .debug_abbrev  0x000027ba      0x276 ./ra/fsp/src/bsp/cmsis/Device/RENESAS/Source/system.o

.debug_loc      0x00000000     0x30d8
 .debug_loc     0x00000000       0xb3 ./src/irq/irq.o
 .debug_loc     0x000000b3       0x25 ./src/bsp_warmstart/bsp.o
 .debug_loc     0x000000d8     0x159d ./ra/fsp/src/r_sci_uart/r_sci_uart.o
 .debug_loc     0x00001675      0xf75 ./ra/fsp/src/r_ioport/r_ioport.o
 .debug_loc     0x000025ea      0x4ab ./ra/fsp/src/r_icu/r_icu.o
 .debug_loc     0x00002a95      0x3cb ./ra/fsp/src/bsp/mcu/all/bsp_clocks.o
 .debug_loc     0x00002e60       0x25 ./ra/fsp/src/bsp/mcu/all/bsp_common.o
 .debug_loc     0x00002e85       0xaa ./ra/fsp/src/bsp/mcu/all/bsp_group_irq.o
 .debug_loc     0x00002f2f       0x3f ./ra/fsp/src/bsp/mcu/all/bsp_irq.o
 .debug_loc     0x00002f6e      0x105 ./ra/fsp/src/bsp/mcu/all/bsp_register_protection.o
 .debug_loc     0x00003073       0x65 ./ra/fsp/src/bsp/cmsis/Device/RENESAS/Source/system.o

.debug_aranges  0x00000000      0x420
 .debug_aranges
                0x00000000       0x28 ./src/irq/irq.o
 .debug_aranges
                0x00000028       0x18 ./src/globals/globals.o
 .debug_aranges
                0x00000040       0x20 ./src/dc/dc.o
 .debug_aranges
                0x00000060       0x20 ./src/bsp_warmstart/bsp.o
 .debug_aranges
                0x00000080       0x20 ./src/hal_entry.o
 .debug_aranges
                0x000000a0       0x20 ./ra_gen/common_data.o
 .debug_aranges
                0x000000c0       0x20 ./ra_gen/hal_data.o
 .debug_aranges
                0x000000e0       0x20 ./ra_gen/main.o
 .debug_aranges
                0x00000100       0x18 ./ra_gen/pin_data.o
 .debug_aranges
                0x00000118       0x18 ./ra_gen/vector_data.o
 .debug_aranges
                0x00000130       0x90 ./ra/fsp/src/r_sci_uart/r_sci_uart.o
 .debug_aranges
                0x000001c0       0x98 ./ra/fsp/src/r_ioport/r_ioport.o
 .debug_aranges
                0x00000258       0x48 ./ra/fsp/src/r_icu/r_icu.o
 .debug_aranges
                0x000002a0       0x60 ./ra/fsp/src/bsp/mcu/all/bsp_clocks.o
 .debug_aranges
                0x00000300       0x30 ./ra/fsp/src/bsp/mcu/all/bsp_common.o
 .debug_aranges
                0x00000330       0x28 ./ra/fsp/src/bsp/mcu/all/bsp_group_irq.o
 .debug_aranges
                0x00000358       0x18 ./ra/fsp/src/bsp/mcu/all/bsp_io.o
 .debug_aranges
                0x00000370       0x20 ./ra/fsp/src/bsp/mcu/all/bsp_irq.o
 .debug_aranges
                0x00000390       0x28 ./ra/fsp/src/bsp/mcu/all/bsp_register_protection.o
 .debug_aranges
                0x000003b8       0x18 ./ra/fsp/src/bsp/mcu/all/bsp_rom_registers.o
 .debug_aranges
                0x000003d0       0x28 ./ra/fsp/src/bsp/cmsis/Device/RENESAS/Source/startup.o
 .debug_aranges
                0x000003f8       0x28 ./ra/fsp/src/bsp/cmsis/Device/RENESAS/Source/system.o

.debug_ranges   0x00000000      0xc88
 .debug_ranges  0x00000000       0x18 ./src/irq/irq.o
 .debug_ranges  0x00000018       0x10 ./src/dc/dc.o
 .debug_ranges  0x00000028       0x10 ./src/bsp_warmstart/bsp.o
 .debug_ranges  0x00000038       0x10 ./src/hal_entry.o
 .debug_ranges  0x00000048       0x10 ./ra_gen/common_data.o
 .debug_ranges  0x00000058       0x10 ./ra_gen/hal_data.o
 .debug_ranges  0x00000068       0x10 ./ra_gen/main.o
 .debug_ranges  0x00000078      0x728 ./ra/fsp/src/r_sci_uart/r_sci_uart.o
 .debug_ranges  0x000007a0      0x130 ./ra/fsp/src/r_ioport/r_ioport.o
 .debug_ranges  0x000008d0      0x128 ./ra/fsp/src/r_icu/r_icu.o
 .debug_ranges  0x000009f8      0x180 ./ra/fsp/src/bsp/mcu/all/bsp_clocks.o
 .debug_ranges  0x00000b78       0x20 ./ra/fsp/src/bsp/mcu/all/bsp_common.o
 .debug_ranges  0x00000b98       0x50 ./ra/fsp/src/bsp/mcu/all/bsp_group_irq.o
 .debug_ranges  0x00000be8       0x28 ./ra/fsp/src/bsp/mcu/all/bsp_irq.o
 .debug_ranges  0x00000c10       0x48 ./ra/fsp/src/bsp/mcu/all/bsp_register_protection.o
 .debug_ranges  0x00000c58       0x18 ./ra/fsp/src/bsp/cmsis/Device/RENESAS/Source/startup.o
 .debug_ranges  0x00000c70       0x18 ./ra/fsp/src/bsp/cmsis/Device/RENESAS/Source/system.o

.debug_line     0x00000000     0x5cc4
 .debug_line    0x00000000      0x3da ./src/irq/irq.o
 .debug_line    0x000003da      0x159 ./src/globals/globals.o
 .debug_line    0x00000533      0x31c ./src/dc/dc.o
 .debug_line    0x0000084f      0x2e7 ./src/bsp_warmstart/bsp.o
 .debug_line    0x00000b36      0x287 ./src/hal_entry.o
 .debug_line    0x00000dbd      0x2de ./ra_gen/common_data.o
 .debug_line    0x0000109b      0x352 ./ra_gen/hal_data.o
 .debug_line    0x000013ed       0x5e ./ra_gen/main.o
 .debug_line    0x0000144b      0x1dc ./ra_gen/pin_data.o
 .debug_line    0x00001627       0xdd ./ra_gen/vector_data.o
 .debug_line    0x00001704     0x1568 ./ra/fsp/src/r_sci_uart/r_sci_uart.o
 .debug_line    0x00002c6c      0xb6d ./ra/fsp/src/r_ioport/r_ioport.o
 .debug_line    0x000037d9      0x74a ./ra/fsp/src/r_icu/r_icu.o
 .debug_line    0x00003f23      0x828 ./ra/fsp/src/bsp/mcu/all/bsp_clocks.o
 .debug_line    0x0000474b      0x2a9 ./ra/fsp/src/bsp/mcu/all/bsp_common.o
 .debug_line    0x000049f4      0x308 ./ra/fsp/src/bsp/mcu/all/bsp_group_irq.o
 .debug_line    0x00004cfc      0x1a1 ./ra/fsp/src/bsp/mcu/all/bsp_io.o
 .debug_line    0x00004e9d      0x2ce ./ra/fsp/src/bsp/mcu/all/bsp_irq.o
 .debug_line    0x0000516b      0x3be ./ra/fsp/src/bsp/mcu/all/bsp_register_protection.o
 .debug_line    0x00005529      0x161 ./ra/fsp/src/bsp/mcu/all/bsp_rom_registers.o
 .debug_line    0x0000568a      0x225 ./ra/fsp/src/bsp/cmsis/Device/RENESAS/Source/startup.o
 .debug_line    0x000058af      0x415 ./ra/fsp/src/bsp/cmsis/Device/RENESAS/Source/system.o

.debug_str      0x00000000     0xb25f
 .debug_str     0x00000000     0x25cc ./src/irq/irq.o
                               0x2650 (size before relaxing)
 .debug_str     0x000025cc       0x22 ./src/globals/globals.o
                                0x1c5 (size before relaxing)
 .debug_str     0x000025ee      0x32b ./src/dc/dc.o
                               0x25a1 (size before relaxing)
 .debug_str     0x00002919     0x1b59 ./src/bsp_warmstart/bsp.o
                               0x3265 (size before relaxing)
 .debug_str     0x00004472       0x1d ./src/hal_entry.o
                               0x1714 (size before relaxing)
 .debug_str     0x0000448f       0x47 ./ra_gen/common_data.o
                               0x31f4 (size before relaxing)
 .debug_str     0x000044d6     0x119b ./ra_gen/hal_data.o
                               0x4400 (size before relaxing)
 .debug_str     0x00005671       0x16 ./ra_gen/main.o
                                0x1a8 (size before relaxing)
 .debug_str     0x00005687      0x5d6 ./ra_gen/pin_data.o
                               0x1cb8 (size before relaxing)
 .debug_str     0x00005c5d     0x2276 ./ra_gen/vector_data.o
                               0x23f8 (size before relaxing)
 .debug_str     0x00007ed3     0x1dc0 ./ra/fsp/src/r_sci_uart/r_sci_uart.o
                               0x61c7 (size before relaxing)
 .debug_str     0x00009c93      0x8b6 ./ra/fsp/src/r_ioport/r_ioport.o
                               0x5431 (size before relaxing)
 .debug_str     0x0000a549       0x89 ./ra/fsp/src/r_icu/r_icu.o
                               0x22a9 (size before relaxing)
 .debug_str     0x0000a5d2      0x6a3 ./ra/fsp/src/bsp/mcu/all/bsp_clocks.o
                               0x1e9d (size before relaxing)
 .debug_str     0x0000ac75       0xef ./ra/fsp/src/bsp/mcu/all/bsp_common.o
                               0x19ea (size before relaxing)
 .debug_str     0x0000ad64      0x1de ./ra/fsp/src/bsp/mcu/all/bsp_group_irq.o
                               0x1f11 (size before relaxing)
 .debug_str     0x0000af42       0x23 ./ra/fsp/src/bsp/mcu/all/bsp_io.o
                                0x1d1 (size before relaxing)
 .debug_str     0x0000af65       0x30 ./ra/fsp/src/bsp/mcu/all/bsp_irq.o
                               0x2874 (size before relaxing)
 .debug_str     0x0000af95       0x88 ./ra/fsp/src/bsp/mcu/all/bsp_register_protection.o
                               0x187d (size before relaxing)
 .debug_str     0x0000b01d       0x51 ./ra/fsp/src/bsp/mcu/all/bsp_rom_registers.o
                                0x1e7 (size before relaxing)
 .debug_str     0x0000b06e       0x89 ./ra/fsp/src/bsp/cmsis/Device/RENESAS/Source/startup.o
                                0x222 (size before relaxing)
 .debug_str     0x0000b0f7      0x168 ./ra/fsp/src/bsp/cmsis/Device/RENESAS/Source/system.o
                                0x891 (size before relaxing)

.debug_frame    0x00000000      0x7cc
 .debug_frame   0x00000000       0x50 ./src/irq/irq.o
 .debug_frame   0x00000050       0x34 ./src/dc/dc.o
 .debug_frame   0x00000084       0x20 ./src/bsp_warmstart/bsp.o
 .debug_frame   0x000000a4       0x28 ./src/hal_entry.o
 .debug_frame   0x000000cc       0x20 ./ra_gen/common_data.o
 .debug_frame   0x000000ec       0x20 ./ra_gen/hal_data.o
 .debug_frame   0x0000010c       0x28 ./ra_gen/main.o
 .debug_frame   0x00000134      0x1d0 ./ra/fsp/src/r_sci_uart/r_sci_uart.o
 .debug_frame   0x00000304      0x174 ./ra/fsp/src/r_ioport/r_ioport.o
 .debug_frame   0x00000478       0xb8 ./ra/fsp/src/r_icu/r_icu.o
 .debug_frame   0x00000530       0xe8 ./ra/fsp/src/bsp/mcu/all/bsp_clocks.o
 .debug_frame   0x00000618       0x40 ./ra/fsp/src/bsp/mcu/all/bsp_common.o
 .debug_frame   0x00000658       0x3c ./ra/fsp/src/bsp/mcu/all/bsp_group_irq.o
 .debug_frame   0x00000694       0x2c ./ra/fsp/src/bsp/mcu/all/bsp_irq.o
 .debug_frame   0x000006c0       0x48 ./ra/fsp/src/bsp/mcu/all/bsp_register_protection.o
 .debug_frame   0x00000708       0x38 ./ra/fsp/src/bsp/cmsis/Device/RENESAS/Source/startup.o
 .debug_frame   0x00000740       0x44 ./ra/fsp/src/bsp/cmsis/Device/RENESAS/Source/system.o
 .debug_frame   0x00000784       0x28 c:/renesas/ra/e2studio_v2021-10_fsp_v3.5.0/toolchains/gcc_arm/gcc-arm-none-eabi-10.3-2021.10/bin/../lib/gcc/arm-none-eabi/10.3.1/../../../../arm-none-eabi/lib/thumb/v7e-m+fp/hard\libg_nano.a(lib_a-memcpy-stub.o)
 .debug_frame   0x000007ac       0x20 c:/renesas/ra/e2studio_v2021-10_fsp_v3.5.0/toolchains/gcc_arm/gcc-arm-none-eabi-10.3-2021.10/bin/../lib/gcc/arm-none-eabi/10.3.1/../../../../arm-none-eabi/lib/thumb/v7e-m+fp/hard\libg_nano.a(lib_a-memset.o)
