Archive member included to satisfy reference by file (symbol)

c:/renesas/ra/e2studio_v2021-10_fsp_v3.5.0/toolchains/gcc_arm/gcc-arm-none-eabi-10.3-2021.10/bin/../lib/gcc/arm-none-eabi/10.3.1/thumb/v7e-m+fp/hard\libgcc.a(_arm_muldf3.o)
                              ./src/adc/adc.o (__aeabi_dmul)
c:/renesas/ra/e2studio_v2021-10_fsp_v3.5.0/toolchains/gcc_arm/gcc-arm-none-eabi-10.3-2021.10/bin/../lib/gcc/arm-none-eabi/10.3.1/thumb/v7e-m+fp/hard\libgcc.a(_arm_addsubdf3.o)
                              ./src/adc/adc.o (__aeabi_i2d)
c:/renesas/ra/e2studio_v2021-10_fsp_v3.5.0/toolchains/gcc_arm/gcc-arm-none-eabi-10.3-2021.10/bin/../lib/gcc/arm-none-eabi/10.3.1/thumb/v7e-m+fp/hard\libgcc.a(_arm_fixunsdfsi.o)
                              ./src/adc/adc.o (__aeabi_d2uiz)
c:/renesas/ra/e2studio_v2021-10_fsp_v3.5.0/toolchains/gcc_arm/gcc-arm-none-eabi-10.3-2021.10/bin/../lib/gcc/arm-none-eabi/10.3.1/thumb/v7e-m+fp/hard\libgcc.a(_aeabi_ldivmod.o)
                              ./ra/fsp/src/r_sci_uart/r_sci_uart.o (__aeabi_ldivmod)
c:/renesas/ra/e2studio_v2021-10_fsp_v3.5.0/toolchains/gcc_arm/gcc-arm-none-eabi-10.3-2021.10/bin/../lib/gcc/arm-none-eabi/10.3.1/thumb/v7e-m+fp/hard\libgcc.a(_udivmoddi4.o)
                              c:/renesas/ra/e2studio_v2021-10_fsp_v3.5.0/toolchains/gcc_arm/gcc-arm-none-eabi-10.3-2021.10/bin/../lib/gcc/arm-none-eabi/10.3.1/thumb/v7e-m+fp/hard\libgcc.a(_aeabi_ldivmod.o) (__udivmoddi4)
c:/renesas/ra/e2studio_v2021-10_fsp_v3.5.0/toolchains/gcc_arm/gcc-arm-none-eabi-10.3-2021.10/bin/../lib/gcc/arm-none-eabi/10.3.1/thumb/v7e-m+fp/hard\libgcc.a(_dvmd_tls.o)
                              c:/renesas/ra/e2studio_v2021-10_fsp_v3.5.0/toolchains/gcc_arm/gcc-arm-none-eabi-10.3-2021.10/bin/../lib/gcc/arm-none-eabi/10.3.1/thumb/v7e-m+fp/hard\libgcc.a(_aeabi_ldivmod.o) (__aeabi_ldiv0)
c:/renesas/ra/e2studio_v2021-10_fsp_v3.5.0/toolchains/gcc_arm/gcc-arm-none-eabi-10.3-2021.10/bin/../lib/gcc/arm-none-eabi/10.3.1/../../../../arm-none-eabi/lib/thumb/v7e-m+fp/hard\libg_nano.a(lib_a-calloc.o)
                              ./src/uart/uart.o (calloc)
c:/renesas/ra/e2studio_v2021-10_fsp_v3.5.0/toolchains/gcc_arm/gcc-arm-none-eabi-10.3-2021.10/bin/../lib/gcc/arm-none-eabi/10.3.1/../../../../arm-none-eabi/lib/thumb/v7e-m+fp/hard\libg_nano.a(lib_a-errno.o)
                              ./ra/fsp/src/bsp/mcu/all/bsp_sbrk.o (__errno)
c:/renesas/ra/e2studio_v2021-10_fsp_v3.5.0/toolchains/gcc_arm/gcc-arm-none-eabi-10.3-2021.10/bin/../lib/gcc/arm-none-eabi/10.3.1/../../../../arm-none-eabi/lib/thumb/v7e-m+fp/hard\libg_nano.a(lib_a-exit.o)
                              c:/renesas/ra/e2studio_v2021-10_fsp_v3.5.0/toolchains/gcc_arm/gcc-arm-none-eabi-10.3-2021.10/bin/../lib/gcc/arm-none-eabi/10.3.1/../../../../arm-none-eabi/lib/thumb/v7e-m+fp/hard/rdimon-crt0.o (exit)
c:/renesas/ra/e2studio_v2021-10_fsp_v3.5.0/toolchains/gcc_arm/gcc-arm-none-eabi-10.3-2021.10/bin/../lib/gcc/arm-none-eabi/10.3.1/../../../../arm-none-eabi/lib/thumb/v7e-m+fp/hard\libg_nano.a(lib_a-impure.o)
                              c:/renesas/ra/e2studio_v2021-10_fsp_v3.5.0/toolchains/gcc_arm/gcc-arm-none-eabi-10.3-2021.10/bin/../lib/gcc/arm-none-eabi/10.3.1/../../../../arm-none-eabi/lib/thumb/v7e-m+fp/hard\libg_nano.a(lib_a-exit.o) (_global_impure_ptr)
c:/renesas/ra/e2studio_v2021-10_fsp_v3.5.0/toolchains/gcc_arm/gcc-arm-none-eabi-10.3-2021.10/bin/../lib/gcc/arm-none-eabi/10.3.1/../../../../arm-none-eabi/lib/thumb/v7e-m+fp/hard\libg_nano.a(lib_a-init.o)
                              c:/renesas/ra/e2studio_v2021-10_fsp_v3.5.0/toolchains/gcc_arm/gcc-arm-none-eabi-10.3-2021.10/bin/../lib/gcc/arm-none-eabi/10.3.1/../../../../arm-none-eabi/lib/thumb/v7e-m+fp/hard/rdimon-crt0.o (__libc_init_array)
c:/renesas/ra/e2studio_v2021-10_fsp_v3.5.0/toolchains/gcc_arm/gcc-arm-none-eabi-10.3-2021.10/bin/../lib/gcc/arm-none-eabi/10.3.1/../../../../arm-none-eabi/lib/thumb/v7e-m+fp/hard\libg_nano.a(lib_a-malloc.o)
                              ./src/uart/uart.o (free)
c:/renesas/ra/e2studio_v2021-10_fsp_v3.5.0/toolchains/gcc_arm/gcc-arm-none-eabi-10.3-2021.10/bin/../lib/gcc/arm-none-eabi/10.3.1/../../../../arm-none-eabi/lib/thumb/v7e-m+fp/hard\libg_nano.a(lib_a-memcpy-stub.o)
                              ./ra/fsp/src/r_sci_uart/r_sci_uart.o (memcpy)
c:/renesas/ra/e2studio_v2021-10_fsp_v3.5.0/toolchains/gcc_arm/gcc-arm-none-eabi-10.3-2021.10/bin/../lib/gcc/arm-none-eabi/10.3.1/../../../../arm-none-eabi/lib/thumb/v7e-m+fp/hard\libg_nano.a(lib_a-memset.o)
                              c:/renesas/ra/e2studio_v2021-10_fsp_v3.5.0/toolchains/gcc_arm/gcc-arm-none-eabi-10.3-2021.10/bin/../lib/gcc/arm-none-eabi/10.3.1/../../../../arm-none-eabi/lib/thumb/v7e-m+fp/hard/rdimon-crt0.o (memset)
c:/renesas/ra/e2studio_v2021-10_fsp_v3.5.0/toolchains/gcc_arm/gcc-arm-none-eabi-10.3-2021.10/bin/../lib/gcc/arm-none-eabi/10.3.1/../../../../arm-none-eabi/lib/thumb/v7e-m+fp/hard\libg_nano.a(lib_a-nano-callocr.o)
[...]
Memory Configuration

Name             Origin             Length             Attributes
FLASH            0x00000000         0x00200000         xr
RAM              0x1ffe0000         0x000a0000         xrw
DATA_FLASH       0x40100000         0x00010000         xr
QSPI_FLASH       0x60000000         0x04000000         xr
OSPI_DEVICE_0    0x68000000         0x00000000         xr
OSPI_DEVICE_1    0x70000000         0x00000000         xr
OSPI_DEVICE_0_RAM 0x68000000         0x00000000         xrw
OSPI_DEVICE_1_RAM 0x70000000         0x00000000         xrw
SDRAM            0x90000000         0x08000000         xrw
OPTION_SETTING   0x00000000         0x00000000         r
OPTION_SETTING_S 0x00000000         0x00000000         r
ID_CODE          0x0100a150         0x00000010         xr
*default*        0x00000000         0xffffffff

Linker script and memory map

LOAD c:/renesas/ra/e2studio_v2021-10_fsp_v3.5.0/toolchains/gcc_arm/gcc-arm-none-eabi-10.3-2021.10/bin/../lib/gcc/arm-none-eabi/10.3.1/thumb/v7e-m+fp/hard/crti.o
LOAD c:/renesas/ra/e2studio_v2021-10_fsp_v3.5.0/toolchains/gcc_arm/gcc-arm-none-eabi-10.3-2021.10/bin/../lib/gcc/arm-none-eabi/10.3.1/thumb/v7e-m+fp/hard/crtbegin.o
LOAD c:/renesas/ra/e2studio_v2021-10_fsp_v3.5.0/toolchains/gcc_arm/gcc-arm-none-eabi-10.3-2021.10/bin/../lib/gcc/arm-none-eabi/10.3.1/../../../../arm-none-eabi/lib/thumb/v7e-m+fp/hard/rdimon-crt0.o
START GROUP
LOAD ./src/uart/uart.o
LOAD ./src/irq/irq.o
LOAD ./src/globals/globals.o
LOAD ./src/dc/dc.o
LOAD ./src/bsp_warmstart/bsp.o
LOAD ./src/adc/adc.o
LOAD ./src/hal_entry.o
LOAD ./ra_gen/common_data.o
LOAD ./ra_gen/hal_data.o
LOAD ./ra_gen/main.o
LOAD ./ra_gen/pin_data.o
LOAD ./ra_gen/vector_data.o
LOAD ./ra/fsp/src/r_sci_uart/r_sci_uart.o
LOAD ./ra/fsp/src/r_ioport/r_ioport.o
LOAD ./ra/fsp/src/r_icu/r_icu.o
LOAD ./ra/fsp/src/r_adc/r_adc.o
LOAD ./ra/fsp/src/bsp/mcu/all/bsp_clocks.o
LOAD ./ra/fsp/src/bsp/mcu/all/bsp_common.o
LOAD ./ra/fsp/src/bsp/mcu/all/bsp_delay.o
LOAD ./ra/fsp/src/bsp/mcu/all/bsp_group_irq.o
LOAD ./ra/fsp/src/bsp/mcu/all/bsp_guard.o
LOAD ./ra/fsp/src/bsp/mcu/all/bsp_io.o
LOAD ./ra/fsp/src/bsp/mcu/all/bsp_irq.o
LOAD ./ra/fsp/src/bsp/mcu/all/bsp_register_protection.o
LOAD ./ra/fsp/src/bsp/mcu/all/bsp_rom_registers.o
LOAD ./ra/fsp/src/bsp/mcu/all/bsp_sbrk.o
LOAD ./ra/fsp/src/bsp/mcu/all/bsp_security.o
LOAD ./ra/fsp/src/bsp/cmsis/Device/RENESAS/Source/startup.o
LOAD ./ra/fsp/src/bsp/cmsis/Device/RENESAS/Source/system.o
END GROUP
START GROUP
LOAD c:/renesas/ra/e2studio_v2021-10_fsp_v3.5.0/toolchains/gcc_arm/gcc-arm-none-eabi-10.3-2021.10/bin/../lib/gcc/arm-none-eabi/10.3.1/thumb/v7e-m+fp/hard\libgcc.a
LOAD c:/renesas/ra/e2studio_v2021-10_fsp_v3.5.0/toolchains/gcc_arm/gcc-arm-none-eabi-10.3-2021.10/bin/../lib/gcc/arm-none-eabi/10.3.1/../../../../arm-none-eabi/lib/thumb/v7e-m+fp/hard\libg_nano.a
LOAD c:/renesas/ra/e2studio_v2021-10_fsp_v3.5.0/toolchains/gcc_arm/gcc-arm-none-eabi-10.3-2021.10/bin/../lib/gcc/arm-none-eabi/10.3.1/../../../../arm-none-eabi/lib/thumb/v7e-m+fp/hard\libc_nano.a
END GROUP
START GROUP
LOAD c:/renesas/ra/e2studio_v2021-10_fsp_v3.5.0/toolchains/gcc_arm/gcc-arm-none-eabi-10.3-2021.10/bin/../lib/gcc/arm-none-eabi/10.3.1/thumb/v7e-m+fp/hard\libgcc.a
LOAD c:/renesas/ra/e2studio_v2021-10_fsp_v3.5.0/toolchains/gcc_arm/gcc-arm-none-eabi-10.3-2021.10/bin/../lib/gcc/arm-none-eabi/10.3.1/../../../../arm-none-eabi/lib/thumb/v7e-m+fp/hard\libc_nano.a
LOAD c:/renesas/ra/e2studio_v2021-10_fsp_v3.5.0/toolchains/gcc_arm/gcc-arm-none-eabi-10.3-2021.10/bin/../lib/gcc/arm-none-eabi/10.3.1/../../../../arm-none-eabi/lib/thumb/v7e-m+fp/hard\librdimon_nano.a
END GROUP
START GROUP
LOAD c:/renesas/ra/e2studio_v2021-10_fsp_v3.5.0/toolchains/gcc_arm/gcc-arm-none-eabi-10.3-2021.10/bin/../lib/gcc/arm-none-eabi/10.3.1/thumb/v7e-m+fp/hard\libgcc.a
LOAD c:/renesas/ra/e2studio_v2021-10_fsp_v3.5.0/toolchains/gcc_arm/gcc-arm-none-eabi-10.3-2021.10/bin/../lib/gcc/arm-none-eabi/10.3.1/../../../../arm-none-eabi/lib/thumb/v7e-m+fp/hard\libc_nano.a
LOAD c:/renesas/ra/e2studio_v2021-10_fsp_v3.5.0/toolchains/gcc_arm/gcc-arm-none-eabi-10.3-2021.10/bin/../lib/gcc/arm-none-eabi/10.3.1/../../../../arm-none-eabi/lib/thumb/v7e-m+fp/hard\librdimon_nano.a
END GROUP
LOAD c:/renesas/ra/e2studio_v2021-10_fsp_v3.5.0/toolchains/gcc_arm/gcc-arm-none-eabi-10.3-2021.10/bin/../lib/gcc/arm-none-eabi/10.3.1/thumb/v7e-m+fp/hard/crtend.o
LOAD c:/renesas/ra/e2studio_v2021-10_fsp_v3.5.0/toolchains/gcc_arm/gcc-arm-none-eabi-10.3-2021.10/bin/../lib/gcc/arm-none-eabi/10.3.1/thumb/v7e-m+fp/hard/crtn.o
                0x1ffe0000                RAM_START = 0x1ffe0000
                0x000a0000                RAM_LENGTH = 0xa0000
                0x00000000                FLASH_START = 0x0
                0x00200000                FLASH_LENGTH = 0x200000
                0x40100000                DATA_FLASH_START = 0x40100000
                0x00010000                DATA_FLASH_LENGTH = 0x10000
                0x00000000                OPTION_SETTING_START = 0x0
                0x00000000                OPTION_SETTING_LENGTH = 0x0
                0x00000000                OPTION_SETTING_S_START = 0x0
                0x00000000                OPTION_SETTING_S_LENGTH = 0x0
                0x0100a150                ID_CODE_START = 0x100a150
                0x00000010                ID_CODE_LENGTH = 0x10
                0x90000000                SDRAM_START = 0x90000000
                0x08000000                SDRAM_LENGTH = 0x8000000
                0x60000000                QSPI_FLASH_START = 0x60000000
                0x04000000                QSPI_FLASH_LENGTH = 0x4000000
                0x68000000                OSPI_DEVICE_0_START = 0x68000000
                0x00000000                OSPI_DEVICE_0_LENGTH = 0x0
                0x70000000                OSPI_DEVICE_1_START = 0x70000000
                0x00000000                OSPI_DEVICE_1_LENGTH = 0x0
                0x04000000                QSPI_FLASH_PRV_LENGTH = DEFINED (QSPI_FLASH_SIZE)?ABSOLUTE (QSPI_FLASH_SIZE):ABSOLUTE (QSPI_FLASH_LENGTH)
                0x00000000                OSPI_DEVICE_0_PRV_LENGTH = DEFINED (OSPI_DEVICE_0_SIZE)?ABSOLUTE (OSPI_DEVICE_0_SIZE):ABSOLUTE (OSPI_DEVICE_0_LENGTH)
                0x00000000                OSPI_DEVICE_1_PRV_LENGTH = DEFINED (OSPI_DEVICE_1_SIZE)?ABSOLUTE (OSPI_DEVICE_1_SIZE):ABSOLUTE (OSPI_DEVICE_1_LENGTH)
                0x00000000                __RESERVE_NS_RAM = ((! (DEFINED (PROJECT_NONSECURE)) && DEFINED (RAM_NS_BUFFER_LENGTH)) && (OPTION_SETTING_S_LENGTH != 0x0))
                0x00000000                RAM_NS_BUFFER_BLOCK_LENGTH = DEFINED (RAM_NS_BUFFER_LENGTH)?ALIGN (RAM_NS_BUFFER_LENGTH, 0x2000):0x0
                0x00000000                RAM_NS_BUFFER_LENGTH = DEFINED (RAM_NS_BUFFER_LENGTH)?RAM_NS_BUFFER_LENGTH:0x0
                0x20080000                RAM_NS_BUFFER_START = ((RAM_START + RAM_LENGTH) - RAM_NS_BUFFER_LENGTH)
                0x20080000                RAM_NS_BUFFER_BLOCK_START = ((RAM_START + RAM_LENGTH) - RAM_NS_BUFFER_BLOCK_LENGTH)
                0x0100a180                OPTION_SETTING_START_NS = 0x100a180
                0x00000001                __bl_FSP_BOOTABLE_IMAGE = 0x1
                0x00000001                __bln_FSP_BOOTABLE_IMAGE = 0x1
                0x00000000                PROJECT_SECURE_OR_FLAT = ((! (DEFINED (PROJECT_NONSECURE)) && OPTION_SETTING_LENGTH) && ! (DEFINED (FSP_BOOTABLE_IMAGE)))
                0x00000000                USE_OPTION_SETTING_NS = (DEFINED (PROJECT_NONSECURE) && ! (DEFINED (FSP_BOOTABLE_IMAGE)))
                0x00000000                __bl_FLASH_IMAGE_START = ! (DEFINED (FLASH_BOOTLOADER_LENGTH))?0x0:(FLASH_APPLICATION_IMAGE_NUMBER == 0x1)?(FLASH_BOOTLOADER_LENGTH + FLASH_BOOTLOADER_HEADER_LENGTH):(((FLASH_BOOTLOADER_LENGTH + FLASH_BOOTLOADER_SCRATCH_LENGTH) + FLASH_APPLICATION_S_LENGTH) + FLASH_BOOTLOADER_HEADER_LENGTH)
                0x00000000                __bl_FLASH_IMAGE_LENGTH = ! (DEFINED (FLASH_BOOTLOADER_LENGTH))?0x0:(FLASH_APPLICATION_S_LENGTH - FLASH_BOOTLOADER_HEADER_LENGTH)
                0x00000000                __bl_FLASH_IMAGE_END = (__bl_FLASH_IMAGE_START + __bl_FLASH_IMAGE_LENGTH)
                0x00000000                __bl_FLASH_NS_START = ! (DEFINED (FLASH_BOOTLOADER_LENGTH))?0x0:(FLASH_APPLICATION_NS_LENGTH == 0x0)?__bl_FLASH_IMAGE_END:((__bl_FLASH_IMAGE_START - FLASH_BOOTLOADER_HEADER_LENGTH) + FLASH_APPLICATION_S_LENGTH)
                0x00000000                __bl_FLASH_NSC_START = ! (DEFINED (FLASH_BOOTLOADER_LENGTH))?0x0:(FLASH_APPLICATION_NS_LENGTH == 0x0)?__bl_FLASH_IMAGE_END:(__bl_FLASH_NS_START - FLASH_APPLICATION_NSC_LENGTH)
                0x00000000                __bl_RAM_NS_START = ! (DEFINED (FLASH_BOOTLOADER_LENGTH))?0x0:(FLASH_APPLICATION_NS_LENGTH == 0x0)?(RAM_START + RAM_LENGTH):((RAM_START + RAM_LENGTH) - RAM_APPLICATION_NS_LENGTH)
                0x00000000                __bl_RAM_NSC_START = ! (DEFINED (FLASH_BOOTLOADER_LENGTH))?0x0:(FLASH_APPLICATION_NS_LENGTH == 0x0)?(RAM_START + RAM_LENGTH):(__bl_RAM_NS_START - RAM_APPLICATION_NSC_LENGTH)
                0x00000000                __bl_FLASH_NS_IMAGE_START = ! (DEFINED (FLASH_BOOTLOADER_LENGTH))?0x0:(FLASH_APPLICATION_NS_LENGTH == 0x0)?__bl_FLASH_IMAGE_END:(__bl_FLASH_NS_START + FLASH_BOOTLOADER_HEADER_LENGTH_2)
                0x00000000                __bln_FLASH_IMAGE_START = __bl_FLASH_NS_IMAGE_START
                0x00000000                __bln_FLASH_IMAGE_LENGTH = ! (DEFINED (FLASH_BOOTLOADER_LENGTH))?0x0:(FLASH_APPLICATION_NS_LENGTH == 0x0)?__bl_FLASH_IMAGE_END:(FLASH_APPLICATION_NS_LENGTH - FLASH_BOOTLOADER_HEADER_LENGTH_2)
                0x00000000                FLASH_ORIGIN = DEFINED (FLASH_IMAGE_START)?FLASH_IMAGE_START:FLASH_START
                0x00200000                LIMITED_FLASH_LENGTH = DEFINED (FLASH_IMAGE_LENGTH)?FLASH_IMAGE_LENGTH:DEFINED (FLASH_BOOTLOADER_LENGTH)?FLASH_BOOTLOADER_LENGTH:FLASH_LENGTH
START GROUP
LOAD c:/renesas/ra/e2studio_v2021-10_fsp_v3.5.0/toolchains/gcc_arm/gcc-arm-none-eabi-10.3-2021.10/bin/../lib/gcc/arm-none-eabi/10.3.1/thumb/v7e-m+fp/hard\libgcc.a
LOAD c:/renesas/ra/e2studio_v2021-10_fsp_v3.5.0/toolchains/gcc_arm/gcc-arm-none-eabi-10.3-2021.10/bin/../lib/gcc/arm-none-eabi/10.3.1/../../../../arm-none-eabi/lib/thumb/v7e-m+fp/hard\libc.a
LOAD c:/renesas/ra/e2studio_v2021-10_fsp_v3.5.0/toolchains/gcc_arm/gcc-arm-none-eabi-10.3-2021.10/bin/../lib/gcc/arm-none-eabi/10.3.1/../../../../arm-none-eabi/lib/thumb/v7e-m+fp/hard\libm.a
LOAD c:/renesas/ra/e2studio_v2021-10_fsp_v3.5.0/toolchains/gcc_arm/gcc-arm-none-eabi-10.3-2021.10/bin/../lib/gcc/arm-none-eabi/10.3.1/../../../../arm-none-eabi/lib/thumb/v7e-m+fp/hard\libnosys.a
END GROUP

.text           0x00000000     0x1e34
                0x00000000                __tz_FLASH_S = ABSOLUTE (FLASH_START)
                0x00000000                __ROM_Start = .
 *(.fixed_vectors*)
 .fixed_vectors
                0x00000000       0x40 ./ra/fsp/src/bsp/cmsis/Device/RENESAS/Source/startup.o
                0x00000000                __Vectors
 *(.application_vectors*)
 .application_vectors
                0x00000040      0x180 ./ra_gen/vector_data.o
                0x00000040                g_vector_table
                0x000001c0                __Vectors_End = .
                0x00000400                . = (OPTION_SETTING_LENGTH > 0x0)?.:(__ROM_Start + 0x400)
 *fill*         0x000001c0      0x240 ff
 *(.rom_registers*)
 .rom_registers
                0x00000400       0x3c ./ra/fsp/src/bsp/mcu/all/bsp_rom_registers.o
                0x00000500                . = (OPTION_SETTING_LENGTH > 0x0)?.:(__ROM_Start + 0x500)
 *fill*         0x0000043c       0xc4 ff
                0x00000500                . = ALIGN (0x80)
 *(.mcuboot_sce9_key*)
 *(.text*)
 .text          0x00000500       0x40 c:/renesas/ra/e2studio_v2021-10_fsp_v3.5.0/toolchains/gcc_arm/gcc-arm-none-eabi-10.3-2021.10/bin/../lib/gcc/arm-none-eabi/10.3.1/thumb/v7e-m+fp/hard/crtbegin.o
 .text.user_uart_write
                0x00000540       0x3c ./src/uart/uart.o
                0x00000540                user_uart_write
 .text.IRQ_Setting
                0x0000057c       0x68 ./src/irq/irq.o
                0x0000057c                IRQ_Setting
 .text.R_IRQ_Interrupt
                0x000005e4       0x68 ./src/irq/irq.o
                0x000005e4                R_IRQ_Interrupt
 .text.DC_initial
                0x0000064c       0x90 ./src/dc/dc.o
                0x0000064c                DC_initial
 .text.R_BSP_WarmStart
                0x000006dc       0x18 ./src/bsp_warmstart/bsp.o
                0x000006dc                R_BSP_WarmStart
 *fill*         0x000006f4        0x4 ff
 .text.Potentiometer_Read
                0x000006f8       0x88 ./src/adc/adc.o
                0x000006f8                Potentiometer_Read
 .text.ADC_Read_and_Convert
                0x00000780       0x58 ./src/adc/adc.o
                0x00000780                ADC_Read_and_Convert
 .text.hal_entry
                0x000007d8       0x64 ./src/hal_entry.o
                0x000007d8                hal_entry
 .text.startup.main
                0x0000083c        0xc ./ra_gen/main.o
                0x0000083c                main
 .text.R_SCI_UART_Write
                0x00000848       0x48 ./ra/fsp/src/r_sci_uart/r_sci_uart.o
                0x00000848                R_SCI_UART_Write
 .text.r_sci_uart_call_callback
                0x00000890       0x44 ./ra/fsp/src/r_sci_uart/r_sci_uart.o
 .text.sci_uart_txi_isr
                0x000008d4       0x88 ./ra/fsp/src/r_sci_uart/r_sci_uart.o
                0x000008d4                sci_uart_txi_isr
 .text.sci_uart_rxi_isr
                0x0000095c       0x8c ./ra/fsp/src/r_sci_uart/r_sci_uart.o
                0x0000095c                sci_uart_rxi_isr
 .text.sci_uart_tei_isr
                0x000009e8       0x3c ./ra/fsp/src/r_sci_uart/r_sci_uart.o
                0x000009e8                sci_uart_tei_isr
 .text.sci_uart_eri_isr
                0x00000a24       0x70 ./ra/fsp/src/r_sci_uart/r_sci_uart.o
                0x00000a24                sci_uart_eri_isr
 .text.R_IOPORT_Close
                0x00000a94        0x8 ./ra/fsp/src/r_ioport/r_ioport.o
                0x00000a94                R_IOPORT_Close
 .text.R_IOPORT_PinRead
                0x00000a9c       0x1c ./ra/fsp/src/r_ioport/r_ioport.o
                0x00000a9c                R_IOPORT_PinRead
 .text.R_IOPORT_PortRead
                0x00000ab8       0x14 ./ra/fsp/src/r_ioport/r_ioport.o
                0x00000ab8                R_IOPORT_PortRead
 .text.R_IOPORT_PortWrite
                0x00000acc       0x1c ./ra/fsp/src/r_ioport/r_ioport.o
                0x00000acc                R_IOPORT_PortWrite
 .text.R_IOPORT_PinWrite
                0x00000ae8       0x20 ./ra/fsp/src/r_ioport/r_ioport.o
                0x00000ae8                R_IOPORT_PinWrite
 .text.R_IOPORT_PortDirectionSet
                0x00000b08       0x28 ./ra/fsp/src/r_ioport/r_ioport.o
                0x00000b08                R_IOPORT_PortDirectionSet
 .text.R_IOPORT_PortEventInputRead
                0x00000b30       0x18 ./ra/fsp/src/r_ioport/r_ioport.o
                0x00000b30                R_IOPORT_PortEventInputRead
 .text.R_IOPORT_PinEventInputRead
                0x00000b48       0x30 ./ra/fsp/src/r_ioport/r_ioport.o
                0x00000b48                R_IOPORT_PinEventInputRead
 .text.R_IOPORT_PortEventOutputWrite
                0x00000b78       0x1c ./ra/fsp/src/r_ioport/r_ioport.o
                0x00000b78                R_IOPORT_PortEventOutputWrite
 .text.R_IOPORT_EthernetModeCfg
                0x00000b94        0xc ./ra/fsp/src/r_ioport/r_ioport.o
                0x00000b94                R_IOPORT_EthernetModeCfg
 .text.R_IOPORT_PinEventOutputWrite
                0x00000ba0       0x38 ./ra/fsp/src/r_ioport/r_ioport.o
                0x00000ba0                R_IOPORT_PinEventOutputWrite
 .text.bsp_vbatt_init
                0x00000bd8       0xac ./ra/fsp/src/r_ioport/r_ioport.o
 .text.r_ioport_pins_config
                0x00000c84       0xac ./ra/fsp/src/r_ioport/r_ioport.o
 .text.R_IOPORT_Open
                0x00000d30       0x18 ./ra/fsp/src/r_ioport/r_ioport.o
                0x00000d30                R_IOPORT_Open
 .text.R_IOPORT_PinsCfg
                0x00000d48        0xc ./ra/fsp/src/r_ioport/r_ioport.o
                0x00000d48                R_IOPORT_PinsCfg
 .text.R_IOPORT_PinCfg
                0x00000d54       0xa8 ./ra/fsp/src/r_ioport/r_ioport.o
                0x00000d54                R_IOPORT_PinCfg
 .text.R_ICU_ExternalIrqOpen
                0x00000dfc       0x80 ./ra/fsp/src/r_icu/r_icu.o
                0x00000dfc                R_ICU_ExternalIrqOpen
 .text.R_ICU_ExternalIrqEnable
                0x00000e7c       0x40 ./ra/fsp/src/r_icu/r_icu.o
                0x00000e7c                R_ICU_ExternalIrqEnable
 .text.r_icu_isr
                0x00000ebc       0x6c ./ra/fsp/src/r_icu/r_icu.o
                0x00000ebc                r_icu_isr
 .text.R_ADC_ScanStart
                0x00000f28        0xc ./ra/fsp/src/r_adc/r_adc.o
                0x00000f28                R_ADC_ScanStart
 .text.R_ADC_StatusGet
                0x00000f34       0x10 ./ra/fsp/src/r_adc/r_adc.o
                0x00000f34                R_ADC_StatusGet
 .text.R_ADC_Read
                0x00000f44       0x10 ./ra/fsp/src/r_adc/r_adc.o
                0x00000f44                R_ADC_Read
 .text.SystemCoreClockUpdate
                0x00000f54       0x28 ./ra/fsp/src/bsp/mcu/all/bsp_clocks.o
                0x00000f54                SystemCoreClockUpdate
 .text.bsp_clock_init
                0x00000f7c      0x104 ./ra/fsp/src/bsp/mcu/all/bsp_clocks.o
                0x00000f7c                bsp_clock_init
 .text.bsp_init_internal
                0x00001080        0x4 ./ra/fsp/src/bsp/mcu/all/bsp_common.o
                0x00001080                bsp_init_internal
                0x00001080                bsp_init
 .text.NMI_Handler
                0x00001084       0x38 ./ra/fsp/src/bsp/mcu/all/bsp_group_irq.o
                0x00001084                NMI_Handler
 .text.bsp_irq_cfg
                0x000010bc       0x28 ./ra/fsp/src/bsp/mcu/all/bsp_irq.o
                0x000010bc                bsp_irq_cfg
 .text.R_BSP_RegisterProtectEnable
                0x000010e4       0x60 ./ra/fsp/src/bsp/mcu/all/bsp_register_protection.o
                0x000010e4                R_BSP_RegisterProtectEnable
 .text.R_BSP_RegisterProtectDisable
                0x00001144       0x54 ./ra/fsp/src/bsp/mcu/all/bsp_register_protection.o
                0x00001144                R_BSP_RegisterProtectDisable
 .text._sbrk    0x00001198       0x3c ./ra/fsp/src/bsp/mcu/all/bsp_sbrk.o
                0x00001198                _sbrk
 .text.Default_Handler
                0x000011d4        0x4 ./ra/fsp/src/bsp/cmsis/Device/RENESAS/Source/startup.o
                0x000011d4                DebugMon_Handler
                0x000011d4                HardFault_Handler
                0x000011d4                SysTick_Handler
                0x000011d4                PendSV_Handler
                0x000011d4                UsageFault_Handler
                0x000011d4                SecureFault_Handler
                0x000011d4                Default_Handler
                0x000011d4                MemManage_Handler
                0x000011d4                SVC_Handler
                0x000011d4                BusFault_Handler
 .text.Reset_Handler
                0x000011d8        0xc ./ra/fsp/src/bsp/cmsis/Device/RENESAS/Source/startup.o
                0x000011d8                Reset_Handler
 .text.SystemInit
                0x000011e4       0xc0 ./ra/fsp/src/bsp/cmsis/Device/RENESAS/Source/system.o
                0x000011e4                SystemInit
 .text          0x000012a4      0x254 c:/renesas/ra/e2studio_v2021-10_fsp_v3.5.0/toolchains/gcc_arm/gcc-arm-none-eabi-10.3-2021.10/bin/../lib/gcc/arm-none-eabi/10.3.1/thumb/v7e-m+fp/hard\libgcc.a(_arm_muldf3.o)
                0x000012a4                __muldf3
                0x000012a4                __aeabi_dmul
 .text          0x000014f8      0x378 c:/renesas/ra/e2studio_v2021-10_fsp_v3.5.0/toolchains/gcc_arm/gcc-arm-none-eabi-10.3-2021.10/bin/../lib/gcc/arm-none-eabi/10.3.1/thumb/v7e-m+fp/hard\libgcc.a(_arm_addsubdf3.o)
                0x000014f8                __aeabi_drsub
                0x00001500                __aeabi_dsub
                0x00001500                __subdf3
                0x00001504                __aeabi_dadd
                0x00001504                __adddf3
                0x0000177c                __floatunsidf
                0x0000177c                __aeabi_ui2d
                0x0000179c                __floatsidf
                0x0000179c                __aeabi_i2d
                0x000017c0                __aeabi_f2d
                0x000017c0                __extendsfdf2
                0x00001804                __floatundidf
                0x00001804                __aeabi_ul2d
                0x00001814                __floatdidf
                0x00001814                __aeabi_l2d
 .text          0x00001870       0x40 c:/renesas/ra/e2studio_v2021-10_fsp_v3.5.0/toolchains/gcc_arm/gcc-arm-none-eabi-10.3-2021.10/bin/../lib/gcc/arm-none-eabi/10.3.1/thumb/v7e-m+fp/hard\libgcc.a(_arm_fixunsdfsi.o)
                0x00001870                __aeabi_d2uiz
                0x00001870                __fixunsdfsi
 .text.calloc   0x000018b0       0x10 c:/renesas/ra/e2studio_v2021-10_fsp_v3.5.0/toolchains/gcc_arm/gcc-arm-none-eabi-10.3-2021.10/bin/../lib/gcc/arm-none-eabi/10.3.1/../../../../arm-none-eabi/lib/thumb/v7e-m+fp/hard\libg_nano.a(lib_a-calloc.o)
                0x000018b0                calloc
 .text.__errno  0x000018c0        0xc c:/renesas/ra/e2studio_v2021-10_fsp_v3.5.0/toolchains/gcc_arm/gcc-arm-none-eabi-10.3-2021.10/bin/../lib/gcc/arm-none-eabi/10.3.1/../../../../arm-none-eabi/lib/thumb/v7e-m+fp/hard\libg_nano.a(lib_a-errno.o)
                0x000018c0                __errno
 .text.free     0x000018cc       0x10 c:/renesas/ra/e2studio_v2021-10_fsp_v3.5.0/toolchains/gcc_arm/gcc-arm-none-eabi-10.3-2021.10/bin/../lib/gcc/arm-none-eabi/10.3.1/../../../../arm-none-eabi/lib/thumb/v7e-m+fp/hard\libg_nano.a(lib_a-malloc.o)
                0x000018cc                free
 .text.memcpy   0x000018dc       0x1c c:/renesas/ra/e2studio_v2021-10_fsp_v3.5.0/toolchains/gcc_arm/gcc-arm-none-eabi-10.3-2021.10/bin/../lib/gcc/arm-none-eabi/10.3.1/../../../../arm-none-eabi/lib/thumb/v7e-m+fp/hard\libg_nano.a(lib_a-memcpy-stub.o)
                0x000018dc                memcpy
 .text.memset   0x000018f8       0x10 c:/renesas/ra/e2studio_v2021-10_fsp_v3.5.0/toolchains/gcc_arm/gcc-arm-none-eabi-10.3-2021.10/bin/../lib/gcc/arm-none-eabi/10.3.1/../../../../arm-none-eabi/lib/thumb/v7e-m+fp/hard\libg_nano.a(lib_a-memset.o)
                0x000018f8                memset
 .text._calloc_r
                0x00001908       0x2c c:/renesas/ra/e2studio_v2021-10_fsp_v3.5.0/toolchains/gcc_arm/gcc-arm-none-eabi-10.3-2021.10/bin/../lib/gcc/arm-none-eabi/10.3.1/../../../../arm-none-eabi/lib/thumb/v7e-m+fp/hard\libg_nano.a(lib_a-nano-callocr.o)
                0x00001908                _calloc_r
 .text._free_r  0x00001934       0x98 c:/renesas/ra/e2studio_v2021-10_fsp_v3.5.0/toolchains/gcc_arm/gcc-arm-none-eabi-10.3-2021.10/bin/../lib/gcc/arm-none-eabi/10.3.1/../../../../arm-none-eabi/lib/thumb/v7e-m+fp/hard\libg_nano.a(lib_a-nano-freer.o)
                0x00001934                _free_r
 .text.sbrk_aligned
                0x000019cc       0x40 c:/renesas/ra/e2studio_v2021-10_fsp_v3.5.0/toolchains/gcc_arm/gcc-arm-none-eabi-10.3-2021.10/bin/../lib/gcc/arm-none-eabi/10.3.1/../../../../arm-none-eabi/lib/thumb/v7e-m+fp/hard\libg_nano.a(lib_a-nano-mallocr.o)
 .text._malloc_r
                0x00001a0c       0xe8 c:/renesas/ra/e2studio_v2021-10_fsp_v3.5.0/toolchains/gcc_arm/gcc-arm-none-eabi-10.3-2021.10/bin/../lib/gcc/arm-none-eabi/10.3.1/../../../../arm-none-eabi/lib/thumb/v7e-m+fp/hard\libg_nano.a(lib_a-nano-mallocr.o)
                0x00001a0c                _malloc_r
 .text._sbrk_r  0x00001af4       0x20 c:/renesas/ra/e2studio_v2021-10_fsp_v3.5.0/toolchains/gcc_arm/gcc-arm-none-eabi-10.3-2021.10/bin/../lib/gcc/arm-none-eabi/10.3.1/../../../../arm-none-eabi/lib/thumb/v7e-m+fp/hard\libg_nano.a(lib_a-sbrkr.o)
                0x00001af4                _sbrk_r
 .text.strcat   0x00001b14       0x1e c:/renesas/ra/e2studio_v2021-10_fsp_v3.5.0/toolchains/gcc_arm/gcc-arm-none-eabi-10.3-2021.10/bin/../lib/gcc/arm-none-eabi/10.3.1/../../../../arm-none-eabi/lib/thumb/v7e-m+fp/hard\libg_nano.a(lib_a-strcat.o)
                0x00001b14                strcat
 .text.strcpy   0x00001b32       0x10 c:/renesas/ra/e2studio_v2021-10_fsp_v3.5.0/toolchains/gcc_arm/gcc-arm-none-eabi-10.3-2021.10/bin/../lib/gcc/arm-none-eabi/10.3.1/../../../../arm-none-eabi/lib/thumb/v7e-m+fp/hard\libg_nano.a(lib_a-strcpy.o)
                0x00001b32                strcpy
 .text          0x00001b42       0x10 c:/renesas/ra/e2studio_v2021-10_fsp_v3.5.0/toolchains/gcc_arm/gcc-arm-none-eabi-10.3-2021.10/bin/../lib/gcc/arm-none-eabi/10.3.1/../../../../arm-none-eabi/lib/thumb/v7e-m+fp/hard\libg_nano.a(lib_a-strlen.o)
                0x00001b42                strlen
 *fill*         0x00001b52        0x2 ff
 .text.__malloc_lock
                0x00001b54        0xc c:/renesas/ra/e2studio_v2021-10_fsp_v3.5.0/toolchains/gcc_arm/gcc-arm-none-eabi-10.3-2021.10/bin/../lib/gcc/arm-none-eabi/10.3.1/../../../../arm-none-eabi/lib/thumb/v7e-m+fp/hard\libg_nano.a(lib_a-mlock.o)
                0x00001b54                __malloc_lock
 .text.__malloc_unlock
                0x00001b60        0xc c:/renesas/ra/e2studio_v2021-10_fsp_v3.5.0/toolchains/gcc_arm/gcc-arm-none-eabi-10.3-2021.10/bin/../lib/gcc/arm-none-eabi/10.3.1/../../../../arm-none-eabi/lib/thumb/v7e-m+fp/hard\libg_nano.a(lib_a-mlock.o)
                0x00001b60                __malloc_unlock
 .text.__retarget_lock_acquire_recursive
                0x00001b6c        0x2 c:/renesas/ra/e2studio_v2021-10_fsp_v3.5.0/toolchains/gcc_arm/gcc-arm-none-eabi-10.3-2021.10/bin/../lib/gcc/arm-none-eabi/10.3.1/../../../../arm-none-eabi/lib/thumb/v7e-m+fp/hard\libg_nano.a(lib_a-lock.o)
                0x00001b6c                __retarget_lock_acquire_recursive
 .text.__retarget_lock_release_recursive
                0x00001b6e        0x2 c:/renesas/ra/e2studio_v2021-10_fsp_v3.5.0/toolchains/gcc_arm/gcc-arm-none-eabi-10.3-2021.10/bin/../lib/gcc/arm-none-eabi/10.3.1/../../../../arm-none-eabi/lib/thumb/v7e-m+fp/hard\libg_nano.a(lib_a-lock.o)
                0x00001b6e                __retarget_lock_release_recursive
 *(.version)
 .version       0x00001b70       0x50 ./ra/fsp/src/bsp/mcu/all/bsp_common.o
 *(.init)
 .init          0x00001bc0        0x4 c:/renesas/ra/e2studio_v2021-10_fsp_v3.5.0/toolchains/gcc_arm/gcc-arm-none-eabi-10.3-2021.10/bin/../lib/gcc/arm-none-eabi/10.3.1/thumb/v7e-m+fp/hard/crti.o
                0x00001bc0                _init
 .init          0x00001bc4        0x8 c:/renesas/ra/e2studio_v2021-10_fsp_v3.5.0/toolchains/gcc_arm/gcc-arm-none-eabi-10.3-2021.10/bin/../lib/gcc/arm-none-eabi/10.3.1/thumb/v7e-m+fp/hard/crtn.o
 *(.fini)
 .fini          0x00001bcc        0x4 c:/renesas/ra/e2studio_v2021-10_fsp_v3.5.0/toolchains/gcc_arm/gcc-arm-none-eabi-10.3-2021.10/bin/../lib/gcc/arm-none-eabi/10.3.1/thumb/v7e-m+fp/hard/crti.o
                0x00001bcc                _fini
 .fini          0x00001bd0        0x8 c:/renesas/ra/e2studio_v2021-10_fsp_v3.5.0/toolchains/gcc_arm/gcc-arm-none-eabi-10.3-2021.10/bin/../lib/gcc/arm-none-eabi/10.3.1/thumb/v7e-m+fp/hard/crtn.o
 *crtbegin.o(.ctors)
 *crtbegin?.o(.ctors)
 *(EXCLUDE_FILE(*crtend.o *crtend?.o) .ctors)
 *(SORT_BY_NAME(.ctors.*))
 *(.ctors)
 *crtbegin.o(.dtors)
 *crtbegin?.o(.dtors)
 *(EXCLUDE_FILE(*crtend.o *crtend?.o) .dtors)
 *(SORT_BY_NAME(.dtors.*))
 *(.dtors)
 *(.rodata*)
 .rodata.ADC_CONST
                0x00001bd8        0x4 ./src/globals/globals.o
                0x00001bd8                ADC_CONST
 .rodata.g_ioport
                0x00001bdc        0xc ./ra_gen/common_data.o
                0x00001bdc                g_ioport
 .rodata.g_external_irq11_cfg
                0x00001be8       0x14 ./ra_gen/hal_data.o
                0x00001be8                g_external_irq11_cfg
 .rodata.g_external_irq12_cfg
                0x00001bfc       0x14 ./ra_gen/hal_data.o
                0x00001bfc                g_external_irq12_cfg
 .rodata.g_external_irq13_cfg
                0x00001c10       0x14 ./ra_gen/hal_data.o
                0x00001c10                g_external_irq13_cfg
 .rodata.g_external_irq14_cfg
                0x00001c24       0x14 ./ra_gen/hal_data.o
                0x00001c24                g_external_irq14_cfg
 .rodata.g_bsp_pin_cfg
                0x00001c38        0x8 ./ra_gen/pin_data.o
                0x00001c38                g_bsp_pin_cfg
 .rodata.g_bsp_pin_cfg_data
                0x00001c40       0x90 ./ra_gen/pin_data.o
                0x00001c40                g_bsp_pin_cfg_data
 .rodata.g_interrupt_event_link_select
                0x00001cd0       0xc0 ./ra_gen/vector_data.o
                0x00001cd0                g_interrupt_event_link_select
 .rodata.g_ioport_on_ioport
                0x00001d90       0x38 ./ra/fsp/src/r_ioport/r_ioport.o
                0x00001d90                g_ioport_on_ioport
 .rodata.g_prcr_masks
                0x00001dc8        0x8 ./ra/fsp/src/bsp/mcu/all/bsp_register_protection.o
 .rodata.__sf_fake_stderr
                0x00001dd0       0x20 c:/renesas/ra/e2studio_v2021-10_fsp_v3.5.0/toolchains/gcc_arm/gcc-arm-none-eabi-10.3-2021.10/bin/../lib/gcc/arm-none-eabi/10.3.1/../../../../arm-none-eabi/lib/thumb/v7e-m+fp/hard\libc_nano.a(lib_a-findfp.o)
                0x00001dd0                __sf_fake_stderr
 .rodata.__sf_fake_stdin
                0x00001df0       0x20 c:/renesas/ra/e2studio_v2021-10_fsp_v3.5.0/toolchains/gcc_arm/gcc-arm-none-eabi-10.3-2021.10/bin/../lib/gcc/arm-none-eabi/10.3.1/../../../../arm-none-eabi/lib/thumb/v7e-m+fp/hard\libc_nano.a(lib_a-findfp.o)
                0x00001df0                __sf_fake_stdin
 .rodata.__sf_fake_stdout
                0x00001e10       0x20 c:/renesas/ra/e2studio_v2021-10_fsp_v3.5.0/toolchains/gcc_arm/gcc-arm-none-eabi-10.3-2021.10/bin/../lib/gcc/arm-none-eabi/10.3.1/../../../../arm-none-eabi/lib/thumb/v7e-m+fp/hard\libc_nano.a(lib_a-findfp.o)
                0x00001e10                __sf_fake_stdout
                0x00001e30                __usb_dev_descriptor_start_fs = .
 *(.usb_device_desc_fs*)
                0x00001e30                __usb_cfg_descriptor_start_fs = .
 *(.usb_config_desc_fs*)
                0x00001e30                __usb_interface_descriptor_start_fs = .
 *(.usb_interface_desc_fs*)
                0x00001e30                __usb_descriptor_end_fs = .
                0x00001e30                __usb_dev_descriptor_start_hs = .
 *(.usb_device_desc_hs*)
                0x00001e30                __usb_cfg_descriptor_start_hs = .
 *(.usb_config_desc_hs*)
                0x00001e30                __usb_interface_descriptor_start_hs = .
 *(.usb_interface_desc_hs*)
                0x00001e30                __usb_descriptor_end_hs = .
 *(.eh_frame*)
 .eh_frame      0x00001e30        0x0 c:/renesas/ra/e2studio_v2021-10_fsp_v3.5.0/toolchains/gcc_arm/gcc-arm-none-eabi-10.3-2021.10/bin/../lib/gcc/arm-none-eabi/10.3.1/thumb/v7e-m+fp/hard/crtbegin.o
 .eh_frame      0x00001e30        0x4 c:/renesas/ra/e2studio_v2021-10_fsp_v3.5.0/toolchains/gcc_arm/gcc-arm-none-eabi-10.3-2021.10/bin/../lib/gcc/arm-none-eabi/10.3.1/thumb/v7e-m+fp/hard/crtend.o
                0x00001e34                __ROM_End = .
                0x000001c0                __Vectors_Size = (__Vectors_End - __Vectors)

.glue_7         0x00001e34        0x0
 .glue_7        0x00001e34        0x0 linker stubs

.glue_7t        0x00001e34        0x0
 .glue_7t       0x00001e34        0x0 linker stubs

.vfp11_veneer   0x00001e34        0x0
 .vfp11_veneer  0x00001e34        0x0 linker stubs

.v4_bx          0x00001e34        0x0
 .v4_bx         0x00001e34        0x0 linker stubs

.iplt           0x00001e34        0x0
 .iplt          0x00001e34        0x0 c:/renesas/ra/e2studio_v2021-10_fsp_v3.5.0/toolchains/gcc_arm/gcc-arm-none-eabi-10.3-2021.10/bin/../lib/gcc/arm-none-eabi/10.3.1/thumb/v7e-m+fp/hard/crtbegin.o

.ARM.extab
 *(.ARM.extab* .gnu.linkonce.armextab.*)
                0x00001e34                __exidx_start = .

.ARM.exidx
 *(.ARM.exidx* .gnu.linkonce.armexidx.*)
                0x00001e34                __exidx_end = .
                0x00001e34                __etext = .
                0x1ffe0000                __tz_RAM_S = ORIGIN (RAM)

.fsp_dtc_vector_table
                0x1ffe0000        0x0
                0x1ffe0000                . = ORIGIN (RAM)
 *(.fsp_dtc_vector_table)

.data           0x1ffe0000       0x78 load address 0x00001e34
                0x1ffe0000                __data_start__ = .
                0x1ffe0000                . = ALIGN (0x4)
                0x1ffe0000                __Code_In_RAM_Start = .
 *(.code_in_ram*)
                0x1ffe0000                __Code_In_RAM_End = .
 *(vtable)
 *(.data.*)
 .data.tail     0x1ffe0000        0x2 ./src/uart/uart.o
                0x1ffe0000                tail
 .data.L293_CH0_Direction
                0x1ffe0002        0x2 ./src/dc/dc.o
                0x1ffe0002                L293_CH0_Direction
 .data.L293_CH0_Enable
                0x1ffe0004        0x2 ./src/dc/dc.o
                0x1ffe0004                L293_CH0_Enable
 .data.L293_CH0_Enable_Level
                0x1ffe0006        0x1 ./src/dc/dc.o
                0x1ffe0006                L293_CH0_Enable_Level
 *fill*         0x1ffe0007        0x1 
 .data.Timer_Period
                0x1ffe0008        0x4 ./src/dc/dc.o
                0x1ffe0008                Timer_Period
 .data._impure_ptr
                0x1ffe000c        0x4 c:/renesas/ra/e2studio_v2021-10_fsp_v3.5.0/toolchains/gcc_arm/gcc-arm-none-eabi-10.3-2021.10/bin/../lib/gcc/arm-none-eabi/10.3.1/../../../../arm-none-eabi/lib/thumb/v7e-m+fp/hard\libg_nano.a(lib_a-impure.o)
                0x1ffe000c                _impure_ptr
 .data.impure_data
                0x1ffe0010       0x60 c:/renesas/ra/e2studio_v2021-10_fsp_v3.5.0/toolchains/gcc_arm/gcc-arm-none-eabi-10.3-2021.10/bin/../lib/gcc/arm-none-eabi/10.3.1/../../../../arm-none-eabi/lib/thumb/v7e-m+fp/hard\libg_nano.a(lib_a-impure.o)
 *(.data)
                0x1ffe0070                . = ALIGN (0x4)
                0x1ffe0070                PROVIDE (__preinit_array_start = .)
 *(.preinit_array)
                0x1ffe0070                PROVIDE (__preinit_array_end = .)
                0x1ffe0070                . = ALIGN (0x4)
                0x1ffe0070                PROVIDE (__init_array_start = .)
 *(SORT_BY_NAME(.init_array.*))
 *(.init_array)
 .init_array    0x1ffe0070        0x4 c:/renesas/ra/e2studio_v2021-10_fsp_v3.5.0/toolchains/gcc_arm/gcc-arm-none-eabi-10.3-2021.10/bin/../lib/gcc/arm-none-eabi/10.3.1/thumb/v7e-m+fp/hard/crtbegin.o
                0x1ffe0074                PROVIDE (__init_array_end = .)
                0x1ffe0074                . = ALIGN (0x4)
                [!provide]                PROVIDE (__fini_array_start = .)
 *(SORT_BY_NAME(.fini_array.*))
 *(.fini_array)
 .fini_array    0x1ffe0074        0x4 c:/renesas/ra/e2studio_v2021-10_fsp_v3.5.0/toolchains/gcc_arm/gcc-arm-none-eabi-10.3-2021.10/bin/../lib/gcc/arm-none-eabi/10.3.1/thumb/v7e-m+fp/hard/crtbegin.o
                [!provide]                PROVIDE (__fini_array_end = .)
 *(.jcr*)
                0x1ffe0078                . = ALIGN (0x4)
                0x1ffe0078                __data_end__ = .

.igot.plt       0x1ffe0078        0x0 load address 0x00001eac
 .igot.plt      0x1ffe0078        0x0 c:/renesas/ra/e2studio_v2021-10_fsp_v3.5.0/toolchains/gcc_arm/gcc-arm-none-eabi-10.3-2021.10/bin/../lib/gcc/arm-none-eabi/10.3.1/thumb/v7e-m+fp/hard/crtbegin.o

.gnu.sgstubs    0x00002000        0x0
                0x00002000                . = (DEFINED (PROJECT_SECURE) && DEFINED (FLASH_NSC_START))?ABSOLUTE (FLASH_NSC_START):ALIGN (0x400)
                0x00002000                __tz_FLASH_C = DEFINED (FLASH_NSC_START)?ABSOLUTE (FLASH_NSC_START):__RESERVE_NS_RAM?ABSOLUTE ((FLASH_START + FLASH_LENGTH)):ALIGN (0x400)
                0x00002000                _start_sg = .
 *(.gnu.sgstubs*)
                0x00002000                . = ALIGN (0x20)
                0x00002000                _end_sg = .
                0x00008000                __tz_FLASH_N = DEFINED (FLASH_NS_START)?ABSOLUTE (FLASH_NS_START):__RESERVE_NS_RAM?ABSOLUTE ((FLASH_START + FLASH_LENGTH)):(FLASH_LENGTH < 0x8000)?FLASH_LENGTH:ALIGN (0x8000)
                0x00008000                FLASH_NS_IMAGE_START = DEFINED (FLASH_NS_IMAGE_START)?FLASH_NS_IMAGE_START:__tz_FLASH_N
                0x60000000                __tz_QSPI_FLASH_S = ORIGIN (QSPI_FLASH)

.qspi_flash     0x60000000        0x0
                0x60000000                __qspi_flash_start__ = .
 *(.qspi_flash*)
 *(.code_in_qspi*)
                0x60000000                __qspi_flash_end__ = .
                0x00000000                __qspi_flash_code_size__ = (__qspi_flash_end__ - __qspi_flash_start__)
                0x00001eac                __qspi_flash_code_addr__ = (__etext + (__data_end__ - __data_start__))

.qspi_non_retentive
                0x60000000        0x0 load address 0x00001eac
                0x60000000                __qspi_non_retentive_start__ = .
 *(.qspi_non_retentive*)
                0x60000000                __qspi_non_retentive_end__ = .
                0x00000000                __qspi_non_retentive_size__ = (__qspi_non_retentive_end__ - __qspi_non_retentive_start__)
                0x04000000                __qspi_region_max_size__ = 0x4000000
                0x60000000                __qspi_region_start_address__ = __qspi_flash_start__
                0x64000000                __qspi_region_end_address__ = (__qspi_flash_start__ + __qspi_region_max_size__)
                0x60000000                __tz_QSPI_FLASH_N = __qspi_non_retentive_end__

.OSPI_DEVICE_0_NO_LOAD
                0x68000000        0x0
                0x68000000                . = ALIGN (0x4)
                0x68000000                __ospi_device_0_start__ = .
 *(.ospi_device_0_no_load*)
                0x68000000                . = ALIGN (0x4)
                0x68000000                __ospi_device_0_end__ = .

.OSPI_DEVICE_1_NO_LOAD
                0x70000000        0x0
                0x70000000                . = ALIGN (0x4)
                0x70000000                __ospi_device_1_start__ = .
 *(.ospi_device_1_no_load*)
                0x70000000                . = ALIGN (0x4)
                0x70000000                __ospi_device_1_end__ = .
                0x68000000                __tz_OSPI_DEVICE_0_S = ORIGIN (OSPI_DEVICE_0)

.OSPI_DEVICE_0  0x68000000        0x0
                0x68000000                __ospi_device_0_start__ = .
 *(.ospi_device_0*)
 *(.code_in_ospi_device_0*)
                0x68000000                __ospi_device_0_end__ = .
                0x00000000                __ospi_device_0_code_size__ = (__ospi_device_0_end__ - __ospi_device_0_start__)
                0x00001eac                __ospi_device_0_code_addr__ = (__etext + (__data_end__ - __data_start__))

.ospi_device_0_non_retentive
                0x68000000        0x0 load address 0x00001eac
                0x68000000                __ospi_device_0_non_retentive_start__ = .
 *(.ospi_device_0_non_retentive*)
                0x68000000                __ospi_device_0_non_retentive_end__ = .
                0x00000000                __ospi_device_0_non_retentive_size__ = (__ospi_device_0_non_retentive_end__ - __ospi_device_0_non_retentive_start__)
                0x08000000                __ospi_device_0_region_max_size__ = 0x8000000
                0x68000000                __ospi_device_0_region_start_address__ = __ospi_device_0_start__
                0x70000000                __ospi_device_0_region_end_address__ = (__ospi_device_0_start__ + __ospi_device_0_region_max_size__)
                0x68000000                __tz_OSPI_DEVICE_0_N = __ospi_device_0_non_retentive_end__
                0x70000000                __tz_OSPI_DEVICE_1_S = ORIGIN (OSPI_DEVICE_1)

.OSPI_DEVICE_1  0x70000000        0x0
                0x70000000                __ospi_device_1_start__ = .
 *(.ospi_device_1*)
 *(.code_in_ospi_device_1*)
                0x70000000                __ospi_device_1_end__ = .
                0x00000000                __ospi_device_1_code_size__ = (__ospi_device_1_end__ - __ospi_device_1_start__)
                0x00001eac                __ospi_device_1_code_addr__ = (__etext + (__data_end__ - __data_start__))

.ospi_device_1_non_retentive
                0x70000000        0x0 load address 0x00001eac
                0x70000000                __ospi_device_1_non_retentive_start__ = .
 *(.ospi_device_1_non_retentive*)
                0x70000000                __ospi_device_1_non_retentive_end__ = .
                0x00000000                __ospi_device_1_non_retentive_size__ = (__ospi_device_1_non_retentive_end__ - __ospi_device_1_non_retentive_start__)
                0x10000000                __ospi_device_1_region_max_size__ = 0x10000000
                0x70000000                __ospi_device_1_region_start_address__ = __ospi_device_1_start__
                0x80000000                __ospi_device_1_region_end_address__ = (__ospi_device_1_start__ + __ospi_device_1_region_max_size__)
                0x70000000                __tz_OSPI_DEVICE_1_N = __ospi_device_1_non_retentive_end__

.noinit         0x1ffe0078       0x18
                0x1ffe0078                . = ALIGN (0x4)
                0x1ffe0078                __noinit_start = .
 *(.noinit*)
 .noinit        0x1ffe0078       0x18 ./ra/fsp/src/bsp/mcu/all/bsp_clocks.o
                0x1ffe0090                . = ALIGN (0x8)
 *(.heap.*)
                0x1ffe0090                __noinit_end = .

.bss            0x1ffe0090      0x2b4
                0x1ffe0090                . = ALIGN (0x4)
                0x1ffe0090                __bss_start__ = .
 *(.bss*)
 .bss           0x1ffe0090       0x1c c:/renesas/ra/e2studio_v2021-10_fsp_v3.5.0/toolchains/gcc_arm/gcc-arm-none-eabi-10.3-2021.10/bin/../lib/gcc/arm-none-eabi/10.3.1/thumb/v7e-m+fp/hard/crtbegin.o
 .bss.Toggle    0x1ffe00ac        0x4 ./src/globals/globals.o
                0x1ffe00ac                Toggle
 .bss.brightness
                0x1ffe00b0        0x1 ./src/globals/globals.o
                0x1ffe00b0                brightness
 *fill*         0x1ffe00b1        0x1 
 .bss.cds_data  0x1ffe00b2        0x2 ./src/globals/globals.o
                0x1ffe00b2                cds_data
 .bss.potentiometer_Ra
                0x1ffe00b4        0x2 ./src/globals/globals.o
                0x1ffe00b4                potentiometer_Ra
 .bss.potentiometer_Rb
                0x1ffe00b6        0x2 ./src/globals/globals.o
                0x1ffe00b6                potentiometer_Rb
 .bss.potentiometer_mV
                0x1ffe00b8        0x2 ./src/globals/globals.o
                0x1ffe00b8                potentiometer_mV
 .bss.L293_CH0_Direction_Level
                0x1ffe00ba        0x1 ./src/dc/dc.o
                0x1ffe00ba                L293_CH0_Direction_Level
 *fill*         0x1ffe00bb        0x1 
 .bss.message   0x1ffe00bc        0x5 ./src/hal_entry.o
                0x1ffe00bc                message
 *fill*         0x1ffe00c1        0x3 
 .bss.g_ioport_ctrl
                0x1ffe00c4        0x8 ./ra_gen/common_data.o
                0x1ffe00c4                g_ioport_ctrl
 .bss.g_adc0_ctrl
                0x1ffe00cc       0x24 ./ra_gen/hal_data.o
                0x1ffe00cc                g_adc0_ctrl
 .bss.g_external_irq11_ctrl
                0x1ffe00f0       0x10 ./ra_gen/hal_data.o
                0x1ffe00f0                g_external_irq11_ctrl
 .bss.g_external_irq12_ctrl
                0x1ffe0100       0x10 ./ra_gen/hal_data.o
                0x1ffe0100                g_external_irq12_ctrl
 .bss.g_external_irq13_ctrl
                0x1ffe0110       0x10 ./ra_gen/hal_data.o
                0x1ffe0110                g_external_irq13_ctrl
 .bss.g_external_irq14_ctrl
                0x1ffe0120       0x10 ./ra_gen/hal_data.o
                0x1ffe0120                g_external_irq14_ctrl
 .bss.g_uart0_ctrl
                0x1ffe0130       0x30 ./ra_gen/hal_data.o
                0x1ffe0130                g_uart0_ctrl
 .bss.g_bsp_group_irq_sources
                0x1ffe0160       0x40 ./ra/fsp/src/bsp/mcu/all/bsp_group_irq.o
                0x1ffe0160                g_bsp_group_irq_sources
 .bss.g_protect_pfswe_counter
                0x1ffe01a0        0x4 ./ra/fsp/src/bsp/mcu/all/bsp_io.o
                0x1ffe01a0                g_protect_pfswe_counter
 .bss.gp_renesas_isr_context
                0x1ffe01a4      0x180 ./ra/fsp/src/bsp/mcu/all/bsp_irq.o
                0x1ffe01a4                gp_renesas_isr_context
 .bss.g_protect_counters
                0x1ffe0324        0x8 ./ra/fsp/src/bsp/mcu/all/bsp_register_protection.o
                0x1ffe0324                g_protect_counters
 .bss.current_heap_end.0
                0x1ffe032c        0x4 ./ra/fsp/src/bsp/mcu/all/bsp_sbrk.o
 .bss.SystemCoreClock
                0x1ffe0330        0x4 ./ra/fsp/src/bsp/cmsis/Device/RENESAS/Source/system.o
                0x1ffe0330                SystemCoreClock
 .bss.__malloc_free_list
                0x1ffe0334        0x4 c:/renesas/ra/e2studio_v2021-10_fsp_v3.5.0/toolchains/gcc_arm/gcc-arm-none-eabi-10.3-2021.10/bin/../lib/gcc/arm-none-eabi/10.3.1/../../../../arm-none-eabi/lib/thumb/v7e-m+fp/hard\libg_nano.a(lib_a-nano-mallocr.o)
                0x1ffe0334                __malloc_free_list
 .bss.__malloc_sbrk_start
                0x1ffe0338        0x4 c:/renesas/ra/e2studio_v2021-10_fsp_v3.5.0/toolchains/gcc_arm/gcc-arm-none-eabi-10.3-2021.10/bin/../lib/gcc/arm-none-eabi/10.3.1/../../../../arm-none-eabi/lib/thumb/v7e-m+fp/hard\libg_nano.a(lib_a-nano-mallocr.o)
                0x1ffe0338                __malloc_sbrk_start
 .bss.errno     0x1ffe033c        0x4 c:/renesas/ra/e2studio_v2021-10_fsp_v3.5.0/toolchains/gcc_arm/gcc-arm-none-eabi-10.3-2021.10/bin/../lib/gcc/arm-none-eabi/10.3.1/../../../../arm-none-eabi/lib/thumb/v7e-m+fp/hard\libg_nano.a(lib_a-reent.o)
                0x1ffe033c                errno
 .bss.__lock___malloc_recursive_mutex
                0x1ffe0340        0x1 c:/renesas/ra/e2studio_v2021-10_fsp_v3.5.0/toolchains/gcc_arm/gcc-arm-none-eabi-10.3-2021.10/bin/../lib/gcc/arm-none-eabi/10.3.1/../../../../arm-none-eabi/lib/thumb/v7e-m+fp/hard\libg_nano.a(lib_a-lock.o)
                0x1ffe0340                __lock___malloc_recursive_mutex
 *(COMMON)
                0x1ffe0344                . = ALIGN (0x4)
 *fill*         0x1ffe0341        0x3 
                0x1ffe0344                __bss_end__ = .

.heap           0x1ffe0348     0x1000
                0x1ffe0348                . = ALIGN (0x8)
                0x1ffe0348                __HeapBase = .
 *(.heap)
 .heap          0x1ffe0348     0x1000 ./ra/fsp/src/bsp/cmsis/Device/RENESAS/Source/startup.o
                0x1ffe1348                __HeapLimit = .

.stack_dummy    0x1ffe1348      0x400
                0x1ffe1348                . = ALIGN (0x8)
                0x1ffe1348                __StackLimit = .
 *(.stack)
 .stack         0x1ffe1348      0x400 ./ra/fsp/src/bsp/cmsis/Device/RENESAS/Source/startup.o
                0x1ffe1748                __StackTop = .
 *(.stack*)
                0x1ffe1748                __StackTopAll = .
                0x1ffe1748                PROVIDE (__stack = __StackTopAll)
                0x1ffe1748                __RAM_segment_used_end__ = ALIGN (__StackTopAll, 0x4)
                0x1ffe1800                __tz_RAM_C = DEFINED (RAM_NSC_START)?ABSOLUTE (RAM_NSC_START):__RESERVE_NS_RAM?ABSOLUTE (RAM_NS_BUFFER_BLOCK_START):ALIGN (__RAM_segment_used_end__, 0x400)
                0x1ffe2000                __tz_RAM_N = DEFINED (RAM_NS_START)?ABSOLUTE (RAM_NS_START):__RESERVE_NS_RAM?ABSOLUTE (RAM_NS_BUFFER_BLOCK_START):ALIGN (__tz_RAM_C, 0x2000)

.ns_buffer      0x1ffe1748        0x0
                0x1ffe1748                . = __RESERVE_NS_RAM?ABSOLUTE ((RAM_NS_BUFFER_START & 0xffffffe0)):.
 *(.ns_buffer*)

.data_flash     0x40100000        0x0
                0x40100000                . = ORIGIN (DATA_FLASH)
                0x40100000                __tz_DATA_FLASH_S = .
                0x40100000                __Data_Flash_Start = .
 *(.data_flash*)
                0x40100000                __Data_Flash_End = .
                0x40100000                __tz_DATA_FLASH_N = DEFINED (DATA_FLASH_NS_START)?ABSOLUTE (DATA_FLASH_NS_START):__RESERVE_NS_RAM?ABSOLUTE ((DATA_FLASH_START + DATA_FLASH_LENGTH)):ALIGN (0x400)
                0x90000000                __tz_SDRAM_S = ORIGIN (SDRAM)

.sdram          0x90000000        0x0
                0x90000000                __SDRAM_Start = .
 *(.sdram*)
 *(.frame*)
                0x90000000                __SDRAM_End = .
                0x90000000                __tz_SDRAM_N = __SDRAM_End
                0x0100a150                __tz_ID_CODE_S = ORIGIN (ID_CODE)

.id_code        0x0100a150       0x10
                0x0100a150                __ID_Code_Start = .
 *(.id_code*)
 .id_code       0x0100a150       0x10 ./ra/fsp/src/bsp/mcu/all/bsp_rom_registers.o
                0x0100a160                __ID_Code_End = .
                0x0100a160                __tz_ID_CODE_N = __ID_Code_End
                0x00000000                __tz_OPTION_SETTING_S = ORIGIN (OPTION_SETTING)

.rel.dyn        0x0100a160        0x0
 .rel.iplt      0x0100a160        0x0 c:/renesas/ra/e2studio_v2021-10_fsp_v3.5.0/toolchains/gcc_arm/gcc-arm-none-eabi-10.3-2021.10/bin/../lib/gcc/arm-none-eabi/10.3.1/thumb/v7e-m+fp/hard/crtbegin.o

.option_setting
                0x00000000        0x0
                0x00000000                __OPTION_SETTING_Start = .
 *(.option_setting_ofs0)
                0x00000000                . = PROJECT_SECURE_OR_FLAT?(__OPTION_SETTING_Start + 0x10):__OPTION_SETTING_Start
 *(.option_setting_dualsel)
                0x00000000                . = PROJECT_SECURE_OR_FLAT?(__OPTION_SETTING_Start + 0x34):__OPTION_SETTING_Start
 *(.option_setting_sas)
                0x00000000                __OPTION_SETTING_End = .
                0x0100a180                __tz_OPTION_SETTING_N = OPTION_SETTING_START_NS

.option_setting_ns
                0x00000000        0x0
                0x00000000                __OPTION_SETTING_NS_Start = .
 *(.option_setting_ofs1)
                0x00000000                . = USE_OPTION_SETTING_NS?(__OPTION_SETTING_NS_Start + 0x10):__OPTION_SETTING_NS_Start
 *(.option_setting_banksel)
                0x00000000                . = USE_OPTION_SETTING_NS?(__OPTION_SETTING_NS_Start + 0x40):__OPTION_SETTING_NS_Start
 *(.option_setting_bps0)
                0x00000000                . = USE_OPTION_SETTING_NS?(__OPTION_SETTING_NS_Start + 0x44):__OPTION_SETTING_NS_Start
 *(.option_setting_bps1)
                0x00000000                . = USE_OPTION_SETTING_NS?(__OPTION_SETTING_NS_Start + 0x48):__OPTION_SETTING_NS_Start
 *(.option_setting_bps2)
                0x00000000                . = USE_OPTION_SETTING_NS?(__OPTION_SETTING_NS_Start + 0x60):__OPTION_SETTING_NS_Start
 *(.option_setting_pbps0)
                0x00000000                . = USE_OPTION_SETTING_NS?(__OPTION_SETTING_NS_Start + 0x64):__OPTION_SETTING_NS_Start
 *(.option_setting_pbps1)
                0x00000000                . = USE_OPTION_SETTING_NS?(__OPTION_SETTING_NS_Start + 0x68):__OPTION_SETTING_NS_Start
 *(.option_setting_pbps2)
                0x00000000                __OPTION_SETTING_NS_End = .
                0x00000000                __tz_OPTION_SETTING_S_S = ORIGIN (OPTION_SETTING_S)

.option_setting_s
                0x00000000        0x0
                0x00000000                __OPTION_SETTING_S_Start = .
 *(.option_setting_ofs1_sec)
                0x00000000                . = PROJECT_SECURE_OR_FLAT?(__OPTION_SETTING_S_Start + 0x10):__OPTION_SETTING_S_Start
 *(.option_setting_banksel_sec)
                0x00000000                . = PROJECT_SECURE_OR_FLAT?(__OPTION_SETTING_S_Start + 0x40):__OPTION_SETTING_S_Start
 *(.option_setting_bps_sec0)
                0x00000000                . = PROJECT_SECURE_OR_FLAT?(__OPTION_SETTING_S_Start + 0x44):__OPTION_SETTING_S_Start
 *(.option_setting_bps_sec1)
                0x00000000                . = PROJECT_SECURE_OR_FLAT?(__OPTION_SETTING_S_Start + 0x48):__OPTION_SETTING_S_Start
 *(.option_setting_bps_sec2)
                0x00000000                . = PROJECT_SECURE_OR_FLAT?(__OPTION_SETTING_S_Start + 0x60):__OPTION_SETTING_S_Start
 *(.option_setting_pbps_sec0)
                0x00000000                . = PROJECT_SECURE_OR_FLAT?(__OPTION_SETTING_S_Start + 0x64):__OPTION_SETTING_S_Start
 *(.option_setting_pbps_sec1)
                0x00000000                . = PROJECT_SECURE_OR_FLAT?(__OPTION_SETTING_S_Start + 0x68):__OPTION_SETTING_S_Start
 *(.option_setting_pbps_sec2)
                0x00000000                . = PROJECT_SECURE_OR_FLAT?(__OPTION_SETTING_S_Start + 0x80):__OPTION_SETTING_S_Start
 *(.option_setting_ofs1_sel)
                0x00000000                . = PROJECT_SECURE_OR_FLAT?(__OPTION_SETTING_S_Start + 0x90):__OPTION_SETTING_S_Start
 *(.option_setting_banksel_sel)
                0x00000000                . = PROJECT_SECURE_OR_FLAT?(__OPTION_SETTING_S_Start + 0xc0):__OPTION_SETTING_S_Start
 *(.option_setting_bps_sel0)
                0x00000000                . = PROJECT_SECURE_OR_FLAT?(__OPTION_SETTING_S_Start + 0xc4):__OPTION_SETTING_S_Start
 *(.option_setting_bps_sel1)
                0x00000000                . = PROJECT_SECURE_OR_FLAT?(__OPTION_SETTING_S_Start + 0xc8):__OPTION_SETTING_S_Start
 *(.option_setting_bps_sel2)
                0x00000000                __OPTION_SETTING_S_End = .
                0x00000000                __tz_OPTION_SETTING_S_N = __OPTION_SETTING_S_End
OUTPUT(GPIO.elf elf32-littlearm)
LOAD linker stubs

.ARM.attributes
                0x00000000       0x30
 .ARM.attributes
                0x00000000       0x1e c:/renesas/ra/e2studio_v2021-10_fsp_v3.5.0/toolchains/gcc_arm/gcc-arm-none-eabi-10.3-2021.10/bin/../lib/gcc/arm-none-eabi/10.3.1/thumb/v7e-m+fp/hard/crti.o
 .ARM.attributes
                0x0000001e       0x34 c:/renesas/ra/e2studio_v2021-10_fsp_v3.5.0/toolchains/gcc_arm/gcc-arm-none-eabi-10.3-2021.10/bin/../lib/gcc/arm-none-eabi/10.3.1/thumb/v7e-m+fp/hard/crtbegin.o
 .ARM.attributes
                0x00000052       0x34 ./src/uart/uart.o
 .ARM.attributes
                0x00000086       0x34 ./src/irq/irq.o
 .ARM.attributes
                0x000000ba       0x34 ./src/globals/globals.o
 .ARM.attributes
                0x000000ee       0x34 ./src/dc/dc.o
 .ARM.attributes
                0x00000122       0x34 ./src/bsp_warmstart/bsp.o
 .ARM.attributes
                0x00000156       0x34 ./src/adc/adc.o
 .ARM.attributes
                0x0000018a       0x34 ./src/hal_entry.o
 .ARM.attributes
                0x000001be       0x34 ./ra_gen/common_data.o
 .ARM.attributes
                0x000001f2       0x34 ./ra_gen/hal_data.o
 .ARM.attributes
                0x00000226       0x34 ./ra_gen/main.o
 .ARM.attributes
                0x0000025a       0x34 ./ra_gen/pin_data.o
 .ARM.attributes
                0x0000028e       0x34 ./ra_gen/vector_data.o
 .ARM.attributes
                0x000002c2       0x34 ./ra/fsp/src/r_sci_uart/r_sci_uart.o
 .ARM.attributes
                0x000002f6       0x34 ./ra/fsp/src/r_ioport/r_ioport.o
 .ARM.attributes
                0x0000032a       0x34 ./ra/fsp/src/r_icu/r_icu.o
 .ARM.attributes
                0x0000035e       0x34 ./ra/fsp/src/r_adc/r_adc.o
 .ARM.attributes
                0x00000392       0x34 ./ra/fsp/src/bsp/mcu/all/bsp_clocks.o
 .ARM.attributes
                0x000003c6       0x34 ./ra/fsp/src/bsp/mcu/all/bsp_common.o
 .ARM.attributes
                0x000003fa       0x34 ./ra/fsp/src/bsp/mcu/all/bsp_group_irq.o
 .ARM.attributes
                0x0000042e       0x34 ./ra/fsp/src/bsp/mcu/all/bsp_io.o
 .ARM.attributes
                0x00000462       0x34 ./ra/fsp/src/bsp/mcu/all/bsp_irq.o
 .ARM.attributes
                0x00000496       0x34 ./ra/fsp/src/bsp/mcu/all/bsp_register_protection.o
 .ARM.attributes
                0x000004ca       0x34 ./ra/fsp/src/bsp/mcu/all/bsp_rom_registers.o
 .ARM.attributes
                0x000004fe       0x34 ./ra/fsp/src/bsp/mcu/all/bsp_sbrk.o
 .ARM.attributes
                0x00000532       0x34 ./ra/fsp/src/bsp/cmsis/Device/RENESAS/Source/startup.o
 .ARM.attributes
                0x00000566       0x34 ./ra/fsp/src/bsp/cmsis/Device/RENESAS/Source/system.o
 .ARM.attributes
                0x0000059a       0x1e c:/renesas/ra/e2studio_v2021-10_fsp_v3.5.0/toolchains/gcc_arm/gcc-arm-none-eabi-10.3-2021.10/bin/../lib/gcc/arm-none-eabi/10.3.1/thumb/v7e-m+fp/hard\libgcc.a(_arm_muldf3.o)
 .ARM.attributes
                0x000005b8       0x1e c:/renesas/ra/e2studio_v2021-10_fsp_v3.5.0/toolchains/gcc_arm/gcc-arm-none-eabi-10.3-2021.10/bin/../lib/gcc/arm-none-eabi/10.3.1/thumb/v7e-m+fp/hard\libgcc.a(_arm_addsubdf3.o)
 .ARM.attributes
                0x000005d6       0x1e c:/renesas/ra/e2studio_v2021-10_fsp_v3.5.0/toolchains/gcc_arm/gcc-arm-none-eabi-10.3-2021.10/bin/../lib/gcc/arm-none-eabi/10.3.1/thumb/v7e-m+fp/hard\libgcc.a(_arm_fixunsdfsi.o)
 .ARM.attributes
                0x000005f4       0x34 c:/renesas/ra/e2studio_v2021-10_fsp_v3.5.0/toolchains/gcc_arm/gcc-arm-none-eabi-10.3-2021.10/bin/../lib/gcc/arm-none-eabi/10.3.1/../../../../arm-none-eabi/lib/thumb/v7e-m+fp/hard\libg_nano.a(lib_a-calloc.o)
 .ARM.attributes
                0x00000628       0x34 c:/renesas/ra/e2studio_v2021-10_fsp_v3.5.0/toolchains/gcc_arm/gcc-arm-none-eabi-10.3-2021.10/bin/../lib/gcc/arm-none-eabi/10.3.1/../../../../arm-none-eabi/lib/thumb/v7e-m+fp/hard\libg_nano.a(lib_a-errno.o)
 .ARM.attributes
                0x0000065c       0x34 c:/renesas/ra/e2studio_v2021-10_fsp_v3.5.0/toolchains/gcc_arm/gcc-arm-none-eabi-10.3-2021.10/bin/../lib/gcc/arm-none-eabi/10.3.1/../../../../arm-none-eabi/lib/thumb/v7e-m+fp/hard\libg_nano.a(lib_a-impure.o)
 .ARM.attributes
                0x00000690       0x34 c:/renesas/ra/e2studio_v2021-10_fsp_v3.5.0/toolchains/gcc_arm/gcc-arm-none-eabi-10.3-2021.10/bin/../lib/gcc/arm-none-eabi/10.3.1/../../../../arm-none-eabi/lib/thumb/v7e-m+fp/hard\libg_nano.a(lib_a-malloc.o)
 .ARM.attributes
                0x000006c4       0x34 c:/renesas/ra/e2studio_v2021-10_fsp_v3.5.0/toolchains/gcc_arm/gcc-arm-none-eabi-10.3-2021.10/bin/../lib/gcc/arm-none-eabi/10.3.1/../../../../arm-none-eabi/lib/thumb/v7e-m+fp/hard\libg_nano.a(lib_a-memcpy-stub.o)
 .ARM.attributes
                0x000006f8       0x34 c:/renesas/ra/e2studio_v2021-10_fsp_v3.5.0/toolchains/gcc_arm/gcc-arm-none-eabi-10.3-2021.10/bin/../lib/gcc/arm-none-eabi/10.3.1/../../../../arm-none-eabi/lib/thumb/v7e-m+fp/hard\libg_nano.a(lib_a-memset.o)
 .ARM.attributes
                0x0000072c       0x34 c:/renesas/ra/e2studio_v2021-10_fsp_v3.5.0/toolchains/gcc_arm/gcc-arm-none-eabi-10.3-2021.10/bin/../lib/gcc/arm-none-eabi/10.3.1/../../../../arm-none-eabi/lib/thumb/v7e-m+fp/hard\libg_nano.a(lib_a-nano-callocr.o)
 .ARM.attributes
                0x00000760       0x34 c:/renesas/ra/e2studio_v2021-10_fsp_v3.5.0/toolchains/gcc_arm/gcc-arm-none-eabi-10.3-2021.10/bin/../lib/gcc/arm-none-eabi/10.3.1/../../../../arm-none-eabi/lib/thumb/v7e-m+fp/hard\libg_nano.a(lib_a-nano-freer.o)
 .ARM.attributes
                0x00000794       0x34 c:/renesas/ra/e2studio_v2021-10_fsp_v3.5.0/toolchains/gcc_arm/gcc-arm-none-eabi-10.3-2021.10/bin/../lib/gcc/arm-none-eabi/10.3.1/../../../../arm-none-eabi/lib/thumb/v7e-m+fp/hard\libg_nano.a(lib_a-nano-mallocr.o)
 .ARM.attributes
                0x000007c8       0x34 c:/renesas/ra/e2studio_v2021-10_fsp_v3.5.0/toolchains/gcc_arm/gcc-arm-none-eabi-10.3-2021.10/bin/../lib/gcc/arm-none-eabi/10.3.1/../../../../arm-none-eabi/lib/thumb/v7e-m+fp/hard\libg_nano.a(lib_a-sbrkr.o)
 .ARM.attributes
                0x000007fc       0x34 c:/renesas/ra/e2studio_v2021-10_fsp_v3.5.0/toolchains/gcc_arm/gcc-arm-none-eabi-10.3-2021.10/bin/../lib/gcc/arm-none-eabi/10.3.1/../../../../arm-none-eabi/lib/thumb/v7e-m+fp/hard\libg_nano.a(lib_a-strcat.o)
 .ARM.attributes
                0x00000830       0x34 c:/renesas/ra/e2studio_v2021-10_fsp_v3.5.0/toolchains/gcc_arm/gcc-arm-none-eabi-10.3-2021.10/bin/../lib/gcc/arm-none-eabi/10.3.1/../../../../arm-none-eabi/lib/thumb/v7e-m+fp/hard\libg_nano.a(lib_a-strcpy.o)
 .ARM.attributes
                0x00000864       0x17 c:/renesas/ra/e2studio_v2021-10_fsp_v3.5.0/toolchains/gcc_arm/gcc-arm-none-eabi-10.3-2021.10/bin/../lib/gcc/arm-none-eabi/10.3.1/../../../../arm-none-eabi/lib/thumb/v7e-m+fp/hard\libg_nano.a(lib_a-strlen.o)
 .ARM.attributes
                0x0000087b       0x34 c:/renesas/ra/e2studio_v2021-10_fsp_v3.5.0/toolchains/gcc_arm/gcc-arm-none-eabi-10.3-2021.10/bin/../lib/gcc/arm-none-eabi/10.3.1/../../../../arm-none-eabi/lib/thumb/v7e-m+fp/hard\libg_nano.a(lib_a-mlock.o)
 .ARM.attributes
                0x000008af       0x34 c:/renesas/ra/e2studio_v2021-10_fsp_v3.5.0/toolchains/gcc_arm/gcc-arm-none-eabi-10.3-2021.10/bin/../lib/gcc/arm-none-eabi/10.3.1/../../../../arm-none-eabi/lib/thumb/v7e-m+fp/hard\libg_nano.a(lib_a-reent.o)
 .ARM.attributes
                0x000008e3       0x34 c:/renesas/ra/e2studio_v2021-10_fsp_v3.5.0/toolchains/gcc_arm/gcc-arm-none-eabi-10.3-2021.10/bin/../lib/gcc/arm-none-eabi/10.3.1/../../../../arm-none-eabi/lib/thumb/v7e-m+fp/hard\libg_nano.a(lib_a-lock.o)
 .ARM.attributes
                0x00000917       0x34 c:/renesas/ra/e2studio_v2021-10_fsp_v3.5.0/toolchains/gcc_arm/gcc-arm-none-eabi-10.3-2021.10/bin/../lib/gcc/arm-none-eabi/10.3.1/../../../../arm-none-eabi/lib/thumb/v7e-m+fp/hard\libc_nano.a(lib_a-findfp.o)
 .ARM.attributes
                0x0000094b       0x34 c:/renesas/ra/e2studio_v2021-10_fsp_v3.5.0/toolchains/gcc_arm/gcc-arm-none-eabi-10.3-2021.10/bin/../lib/gcc/arm-none-eabi/10.3.1/thumb/v7e-m+fp/hard/crtend.o
 .ARM.attributes
                0x0000097f       0x1e c:/renesas/ra/e2studio_v2021-10_fsp_v3.5.0/toolchains/gcc_arm/gcc-arm-none-eabi-10.3-2021.10/bin/../lib/gcc/arm-none-eabi/10.3.1/thumb/v7e-m+fp/hard/crtn.o

.comment        0x00000000       0x49
 .comment       0x00000000       0x49 ./src/uart/uart.o
                                 0x4a (size before relaxing)
 .comment       0x00000049       0x4a ./src/irq/irq.o
 .comment       0x00000049       0x4a ./src/globals/globals.o
 .comment       0x00000049       0x4a ./src/dc/dc.o
 .comment       0x00000049       0x4a ./src/bsp_warmstart/bsp.o
 .comment       0x00000049       0x4a ./src/adc/adc.o
 .comment       0x00000049       0x4a ./src/hal_entry.o
 .comment       0x00000049       0x4a ./ra_gen/common_data.o
 .comment       0x00000049       0x4a ./ra_gen/hal_data.o
 .comment       0x00000049       0x4a ./ra_gen/main.o
 .comment       0x00000049       0x4a ./ra_gen/pin_data.o
 .comment       0x00000049       0x4a ./ra_gen/vector_data.o
 .comment       0x00000049       0x4a ./ra/fsp/src/r_sci_uart/r_sci_uart.o
 .comment       0x00000049       0x4a ./ra/fsp/src/r_ioport/r_ioport.o
 .comment       0x00000049       0x4a ./ra/fsp/src/r_icu/r_icu.o
 .comment       0x00000049       0x4a ./ra/fsp/src/r_adc/r_adc.o
 .comment       0x00000049       0x4a ./ra/fsp/src/bsp/mcu/all/bsp_clocks.o
 .comment       0x00000049       0x4a ./ra/fsp/src/bsp/mcu/all/bsp_common.o
 .comment       0x00000049       0x4a ./ra/fsp/src/bsp/mcu/all/bsp_group_irq.o
 .comment       0x00000049       0x4a ./ra/fsp/src/bsp/mcu/all/bsp_io.o
 .comment       0x00000049       0x4a ./ra/fsp/src/bsp/mcu/all/bsp_irq.o
 .comment       0x00000049       0x4a ./ra/fsp/src/bsp/mcu/all/bsp_register_protection.o
 .comment       0x00000049       0x4a ./ra/fsp/src/bsp/mcu/all/bsp_rom_registers.o
 .comment       0x00000049       0x4a ./ra/fsp/src/bsp/mcu/all/bsp_sbrk.o
 .comment       0x00000049       0x4a ./ra/fsp/src/bsp/cmsis/Device/RENESAS/Source/startup.o
 .comment       0x00000049       0x4a ./ra/fsp/src/bsp/cmsis/Device/RENESAS/Source/system.o

.debug_info     0x00000000    0x4056d
 .debug_info    0x00000000     0x2ef7 ./src/uart/uart.o
 .debug_info    0x00002ef7     0x2ad5 ./src/irq/irq.o
 .debug_info    0x000059cc      0x1c4 ./src/globals/globals.o
 .debug_info    0x00005b90     0x2e8d ./src/dc/dc.o
 .debug_info    0x00008a1d     0x1261 ./src/bsp_warmstart/bsp.o
 .debug_info    0x00009c7e     0x307b ./src/adc/adc.o
 .debug_info    0x0000ccf9      0x8fd ./src/hal_entry.o
 .debug_info    0x0000d5f6     0x122f ./ra_gen/common_data.o
 .debug_info    0x0000e825     0x772f ./ra_gen/hal_data.o
 .debug_info    0x00015f54       0xb1 ./ra_gen/main.o
 .debug_info    0x00016005      0x9e1 ./ra_gen/pin_data.o
 .debug_info    0x000169e6      0x9fd ./ra_gen/vector_data.o
 .debug_info    0x000173e3     0x959e ./ra/fsp/src/r_sci_uart/r_sci_uart.o
 .debug_info    0x00020981     0x6909 ./ra/fsp/src/r_ioport/r_ioport.o
 .debug_info    0x0002728a     0x1d87 ./ra/fsp/src/r_icu/r_icu.o
 .debug_info    0x00029011     0xb07f ./ra/fsp/src/r_adc/r_adc.o
 .debug_info    0x00034090     0x440f ./ra/fsp/src/bsp/mcu/all/bsp_clocks.o
 .debug_info    0x0003849f      0x8a3 ./ra/fsp/src/bsp/mcu/all/bsp_common.o
 .debug_info    0x00038d42     0x1370 ./ra/fsp/src/bsp/mcu/all/bsp_group_irq.o
 .debug_info    0x0003a0b2       0xaa ./ra/fsp/src/bsp/mcu/all/bsp_io.o
 .debug_info    0x0003a15c     0x1532 ./ra/fsp/src/bsp/mcu/all/bsp_irq.o
 .debug_info    0x0003b68e     0x39e6 ./ra/fsp/src/bsp/mcu/all/bsp_register_protection.o
 .debug_info    0x0003f074       0xdd ./ra/fsp/src/bsp/mcu/all/bsp_rom_registers.o
 .debug_info    0x0003f151      0x142 ./ra/fsp/src/bsp/mcu/all/bsp_sbrk.o
 .debug_info    0x0003f293      0x16c ./ra/fsp/src/bsp/cmsis/Device/RENESAS/Source/startup.o
 .debug_info    0x0003f3ff     0x116e ./ra/fsp/src/bsp/cmsis/Device/RENESAS/Source/system.o

.debug_abbrev   0x00000000     0x368a
 .debug_abbrev  0x00000000      0x2bc ./src/uart/uart.o
 .debug_abbrev  0x000002bc      0x23a ./src/irq/irq.o
 .debug_abbrev  0x000004f6       0x81 ./src/globals/globals.o
 .debug_abbrev  0x00000577      0x1aa ./src/dc/dc.o
 .debug_abbrev  0x00000721      0x165 ./src/bsp_warmstart/bsp.o
 .debug_abbrev  0x00000886      0x28e ./src/adc/adc.o
 .debug_abbrev  0x00000b14      0x158 ./src/hal_entry.o
 .debug_abbrev  0x00000c6c      0x150 ./ra_gen/common_data.o
 .debug_abbrev  0x00000dbc      0x2b6 ./ra_gen/hal_data.o
 .debug_abbrev  0x00001072       0x66 ./ra_gen/main.o
 .debug_abbrev  0x000010d8       0xdc ./ra_gen/pin_data.o
 .debug_abbrev  0x000011b4       0xa7 ./ra_gen/vector_data.o
 .debug_abbrev  0x0000125b      0x5b7 ./ra/fsp/src/r_sci_uart/r_sci_uart.o
 .debug_abbrev  0x00001812      0x421 ./ra/fsp/src/r_ioport/r_ioport.o
 .debug_abbrev  0x00001c33      0x472 ./ra/fsp/src/r_icu/r_icu.o
 .debug_abbrev  0x000020a5      0x58f ./ra/fsp/src/r_adc/r_adc.o
 .debug_abbrev  0x00002634      0x382 ./ra/fsp/src/bsp/mcu/all/bsp_clocks.o
 .debug_abbrev  0x000029b6      0x177 ./ra/fsp/src/bsp/mcu/all/bsp_common.o
 .debug_abbrev  0x00002b2d      0x254 ./ra/fsp/src/bsp/mcu/all/bsp_group_irq.o
 .debug_abbrev  0x00002d81       0x5e ./ra/fsp/src/bsp/mcu/all/bsp_io.o
 .debug_abbrev  0x00002ddf      0x1ad ./ra/fsp/src/bsp/mcu/all/bsp_irq.o
 .debug_abbrev  0x00002f8c      0x277 ./ra/fsp/src/bsp/mcu/all/bsp_register_protection.o
 .debug_abbrev  0x00003203       0x5f ./ra/fsp/src/bsp/mcu/all/bsp_rom_registers.o
 .debug_abbrev  0x00003262       0xcc ./ra/fsp/src/bsp/mcu/all/bsp_sbrk.o
 .debug_abbrev  0x0000332e       0xe6 ./ra/fsp/src/bsp/cmsis/Device/RENESAS/Source/startup.o
 .debug_abbrev  0x00003414      0x276 ./ra/fsp/src/bsp/cmsis/Device/RENESAS/Source/system.o

.debug_loc      0x00000000     0x4cdf
 .debug_loc     0x00000000       0x93 ./src/uart/uart.o
 .debug_loc     0x00000093       0xb3 ./src/irq/irq.o
 .debug_loc     0x00000146       0x25 ./src/bsp_warmstart/bsp.o
 .debug_loc     0x0000016b       0x16 ./src/hal_entry.o
 .debug_loc     0x00000181     0x159d ./ra/fsp/src/r_sci_uart/r_sci_uart.o
 .debug_loc     0x0000171e      0xf75 ./ra/fsp/src/r_ioport/r_ioport.o
 .debug_loc     0x00002693      0x4ab ./ra/fsp/src/r_icu/r_icu.o
 .debug_loc     0x00002b3e     0x1a6b ./ra/fsp/src/r_adc/r_adc.o
 .debug_loc     0x000045a9      0x3cb ./ra/fsp/src/bsp/mcu/all/bsp_clocks.o
 .debug_loc     0x00004974       0x25 ./ra/fsp/src/bsp/mcu/all/bsp_common.o
 .debug_loc     0x00004999       0xaa ./ra/fsp/src/bsp/mcu/all/bsp_group_irq.o
 .debug_loc     0x00004a43       0x3f ./ra/fsp/src/bsp/mcu/all/bsp_irq.o
 .debug_loc     0x00004a82      0x105 ./ra/fsp/src/bsp/mcu/all/bsp_register_protection.o
 .debug_loc     0x00004b87       0xf3 ./ra/fsp/src/bsp/mcu/all/bsp_sbrk.o
 .debug_loc     0x00004c7a       0x65 ./ra/fsp/src/bsp/cmsis/Device/RENESAS/Source/system.o

.debug_aranges  0x00000000      0x548
 .debug_aranges
                0x00000000       0x28 ./src/uart/uart.o
 .debug_aranges
                0x00000028       0x28 ./src/irq/irq.o
 .debug_aranges
                0x00000050       0x18 ./src/globals/globals.o
 .debug_aranges
                0x00000068       0x20 ./src/dc/dc.o
 .debug_aranges
                0x00000088       0x20 ./src/bsp_warmstart/bsp.o
 .debug_aranges
                0x000000a8       0x30 ./src/adc/adc.o
 .debug_aranges
                0x000000d8       0x20 ./src/hal_entry.o
 .debug_aranges
                0x000000f8       0x20 ./ra_gen/common_data.o
 .debug_aranges
                0x00000118       0x20 ./ra_gen/hal_data.o
 .debug_aranges
                0x00000138       0x20 ./ra_gen/main.o
 .debug_aranges
                0x00000158       0x18 ./ra_gen/pin_data.o
 .debug_aranges
                0x00000170       0x18 ./ra_gen/vector_data.o
 .debug_aranges
                0x00000188       0x90 ./ra/fsp/src/r_sci_uart/r_sci_uart.o
 .debug_aranges
                0x00000218       0x98 ./ra/fsp/src/r_ioport/r_ioport.o
 .debug_aranges
                0x000002b0       0x48 ./ra/fsp/src/r_icu/r_icu.o
 .debug_aranges
                0x000002f8       0xb0 ./ra/fsp/src/r_adc/r_adc.o
 .debug_aranges
                0x000003a8       0x60 ./ra/fsp/src/bsp/mcu/all/bsp_clocks.o
 .debug_aranges
                0x00000408       0x30 ./ra/fsp/src/bsp/mcu/all/bsp_common.o
 .debug_aranges
                0x00000438       0x28 ./ra/fsp/src/bsp/mcu/all/bsp_group_irq.o
 .debug_aranges
                0x00000460       0x18 ./ra/fsp/src/bsp/mcu/all/bsp_io.o
 .debug_aranges
                0x00000478       0x20 ./ra/fsp/src/bsp/mcu/all/bsp_irq.o
 .debug_aranges
                0x00000498       0x28 ./ra/fsp/src/bsp/mcu/all/bsp_register_protection.o
 .debug_aranges
                0x000004c0       0x18 ./ra/fsp/src/bsp/mcu/all/bsp_rom_registers.o
 .debug_aranges
                0x000004d8       0x20 ./ra/fsp/src/bsp/mcu/all/bsp_sbrk.o
 .debug_aranges
                0x000004f8       0x28 ./ra/fsp/src/bsp/cmsis/Device/RENESAS/Source/startup.o
 .debug_aranges
                0x00000520       0x28 ./ra/fsp/src/bsp/cmsis/Device/RENESAS/Source/system.o

.debug_ranges   0x00000000     0x1168
 .debug_ranges  0x00000000       0x18 ./src/uart/uart.o
 .debug_ranges  0x00000018       0x18 ./src/irq/irq.o
 .debug_ranges  0x00000030       0x10 ./src/dc/dc.o
 .debug_ranges  0x00000040       0x10 ./src/bsp_warmstart/bsp.o
 .debug_ranges  0x00000050       0x20 ./src/adc/adc.o
 .debug_ranges  0x00000070       0x10 ./src/hal_entry.o
 .debug_ranges  0x00000080       0x10 ./ra_gen/common_data.o
 .debug_ranges  0x00000090       0x10 ./ra_gen/hal_data.o
 .debug_ranges  0x000000a0       0x10 ./ra_gen/main.o
 .debug_ranges  0x000000b0      0x728 ./ra/fsp/src/r_sci_uart/r_sci_uart.o
 .debug_ranges  0x000007d8      0x130 ./ra/fsp/src/r_ioport/r_ioport.o
 .debug_ranges  0x00000908      0x128 ./ra/fsp/src/r_icu/r_icu.o
 .debug_ranges  0x00000a30      0x498 ./ra/fsp/src/r_adc/r_adc.o
 .debug_ranges  0x00000ec8      0x180 ./ra/fsp/src/bsp/mcu/all/bsp_clocks.o
 .debug_ranges  0x00001048       0x20 ./ra/fsp/src/bsp/mcu/all/bsp_common.o
 .debug_ranges  0x00001068       0x50 ./ra/fsp/src/bsp/mcu/all/bsp_group_irq.o
 .debug_ranges  0x000010b8       0x28 ./ra/fsp/src/bsp/mcu/all/bsp_irq.o
 .debug_ranges  0x000010e0       0x48 ./ra/fsp/src/bsp/mcu/all/bsp_register_protection.o
 .debug_ranges  0x00001128       0x10 ./ra/fsp/src/bsp/mcu/all/bsp_sbrk.o
 .debug_ranges  0x00001138       0x18 ./ra/fsp/src/bsp/cmsis/Device/RENESAS/Source/startup.o
 .debug_ranges  0x00001150       0x18 ./ra/fsp/src/bsp/cmsis/Device/RENESAS/Source/system.o

.debug_line     0x00000000     0x7cb2
 .debug_line    0x00000000      0x415 ./src/uart/uart.o
 .debug_line    0x00000415      0x3da ./src/irq/irq.o
 .debug_line    0x000007ef      0x159 ./src/globals/globals.o
 .debug_line    0x00000948      0x31c ./src/dc/dc.o
 .debug_line    0x00000c64      0x2e7 ./src/bsp_warmstart/bsp.o
 .debug_line    0x00000f4b      0x3ed ./src/adc/adc.o
 .debug_line    0x00001338      0x35c ./src/hal_entry.o
 .debug_line    0x00001694      0x2de ./ra_gen/common_data.o
 .debug_line    0x00001972      0x3c9 ./ra_gen/hal_data.o
 .debug_line    0x00001d3b       0x5e ./ra_gen/main.o
 .debug_line    0x00001d99      0x1dc ./ra_gen/pin_data.o
 .debug_line    0x00001f75       0xdd ./ra_gen/vector_data.o
 .debug_line    0x00002052     0x1568 ./ra/fsp/src/r_sci_uart/r_sci_uart.o
 .debug_line    0x000035ba      0xb6d ./ra/fsp/src/r_ioport/r_ioport.o
 .debug_line    0x00004127      0x74a ./ra/fsp/src/r_icu/r_icu.o
 .debug_line    0x00004871     0x14b9 ./ra/fsp/src/r_adc/r_adc.o
 .debug_line    0x00005d2a      0x828 ./ra/fsp/src/bsp/mcu/all/bsp_clocks.o
 .debug_line    0x00006552      0x2a9 ./ra/fsp/src/bsp/mcu/all/bsp_common.o
 .debug_line    0x000067fb      0x308 ./ra/fsp/src/bsp/mcu/all/bsp_group_irq.o
 .debug_line    0x00006b03      0x1a1 ./ra/fsp/src/bsp/mcu/all/bsp_io.o
 .debug_line    0x00006ca4      0x2ce ./ra/fsp/src/bsp/mcu/all/bsp_irq.o
 .debug_line    0x00006f72      0x3be ./ra/fsp/src/bsp/mcu/all/bsp_register_protection.o
 .debug_line    0x00007330      0x161 ./ra/fsp/src/bsp/mcu/all/bsp_rom_registers.o
 .debug_line    0x00007491      0x1e7 ./ra/fsp/src/bsp/mcu/all/bsp_sbrk.o
 .debug_line    0x00007678      0x225 ./ra/fsp/src/bsp/cmsis/Device/RENESAS/Source/startup.o
 .debug_line    0x0000789d      0x415 ./ra/fsp/src/bsp/cmsis/Device/RENESAS/Source/system.o

.debug_str      0x00000000     0xde1c
 .debug_str     0x00000000     0x3afa ./src/uart/uart.o
                               0x3c4f (size before relaxing)
 .debug_str     0x00003afa      0xec8 ./src/irq/irq.o
                               0x2650 (size before relaxing)
 .debug_str     0x000049c2       0x8c ./src/globals/globals.o
                                0x249 (size before relaxing)
 .debug_str     0x00004a4e      0x32b ./src/dc/dc.o
                               0x25a1 (size before relaxing)
 .debug_str     0x00004d79      0x3fe ./src/bsp_warmstart/bsp.o
                               0x3265 (size before relaxing)
 .debug_str     0x00005177     0x161d ./src/adc/adc.o
                               0x19d1 (size before relaxing)
 .debug_str     0x00006794       0x33 ./src/hal_entry.o
                               0x1774 (size before relaxing)
 .debug_str     0x000067c7       0x47 ./ra_gen/common_data.o
                               0x31f4 (size before relaxing)
 .debug_str     0x0000680e     0x36a3 ./ra_gen/hal_data.o
                               0x8b66 (size before relaxing)
 .debug_str     0x00009eb1       0x16 ./ra_gen/main.o
                                0x1a8 (size before relaxing)
 .debug_str     0x00009ec7      0x5d6 ./ra_gen/pin_data.o
                               0x1cb8 (size before relaxing)
 .debug_str     0x0000a49d       0x68 ./ra_gen/vector_data.o
                               0x23f8 (size before relaxing)
 .debug_str     0x0000a505     0x1c9e ./ra/fsp/src/r_sci_uart/r_sci_uart.o
                               0x61c7 (size before relaxing)
 .debug_str     0x0000c1a3      0x8a7 ./ra/fsp/src/r_ioport/r_ioport.o
                               0x5431 (size before relaxing)
 .debug_str     0x0000ca4a       0x89 ./ra/fsp/src/r_icu/r_icu.o
                               0x22a9 (size before relaxing)
 .debug_str     0x0000cad3      0x62b ./ra/fsp/src/r_adc/r_adc.o
                               0x857d (size before relaxing)
 .debug_str     0x0000d0fe      0x6a3 ./ra/fsp/src/bsp/mcu/all/bsp_clocks.o
                               0x1e9d (size before relaxing)
 .debug_str     0x0000d7a1       0xef ./ra/fsp/src/bsp/mcu/all/bsp_common.o
                               0x19ea (size before relaxing)
 .debug_str     0x0000d890      0x1de ./ra/fsp/src/bsp/mcu/all/bsp_group_irq.o
                               0x1f11 (size before relaxing)
 .debug_str     0x0000da6e       0x23 ./ra/fsp/src/bsp/mcu/all/bsp_io.o
                                0x1d1 (size before relaxing)
 .debug_str     0x0000da91       0x30 ./ra/fsp/src/bsp/mcu/all/bsp_irq.o
                               0x2874 (size before relaxing)
 .debug_str     0x0000dac1       0x88 ./ra/fsp/src/bsp/mcu/all/bsp_register_protection.o
                               0x187d (size before relaxing)
 .debug_str     0x0000db49       0x51 ./ra/fsp/src/bsp/mcu/all/bsp_rom_registers.o
                                0x1e7 (size before relaxing)
 .debug_str     0x0000db9a       0x96 ./ra/fsp/src/bsp/mcu/all/bsp_sbrk.o
                                0x232 (size before relaxing)
 .debug_str     0x0000dc30       0x89 ./ra/fsp/src/bsp/cmsis/Device/RENESAS/Source/startup.o
                                0x222 (size before relaxing)
 .debug_str     0x0000dcb9      0x163 ./ra/fsp/src/bsp/cmsis/Device/RENESAS/Source/system.o
                                0x891 (size before relaxing)

.debug_frame    0x00000000      0xf7c
 .debug_frame   0x00000000       0x44 ./src/uart/uart.o
 .debug_frame   0x00000044       0x50 ./src/irq/irq.o
 .debug_frame   0x00000094       0x34 ./src/dc/dc.o
 .debug_frame   0x000000c8       0x20 ./src/bsp_warmstart/bsp.o
 .debug_frame   0x000000e8       0x68 ./src/adc/adc.o
 .debug_frame   0x00000150       0x2c ./src/hal_entry.o
 .debug_frame   0x0000017c       0x20 ./ra_gen/common_data.o
 .debug_frame   0x0000019c       0x20 ./ra_gen/hal_data.o
 .debug_frame   0x000001bc       0x28 ./ra_gen/main.o
 .debug_frame   0x000001e4      0x1d0 ./ra/fsp/src/r_sci_uart/r_sci_uart.o
 .debug_frame   0x000003b4      0x174 ./ra/fsp/src/r_ioport/r_ioport.o
 .debug_frame   0x00000528       0xb8 ./ra/fsp/src/r_icu/r_icu.o
 .debug_frame   0x000005e0      0x1b8 ./ra/fsp/src/r_adc/r_adc.o
 .debug_frame   0x00000798       0xe8 ./ra/fsp/src/bsp/mcu/all/bsp_clocks.o
 .debug_frame   0x00000880       0x40 ./ra/fsp/src/bsp/mcu/all/bsp_common.o
 .debug_frame   0x000008c0       0x3c ./ra/fsp/src/bsp/mcu/all/bsp_group_irq.o
 .debug_frame   0x000008fc       0x2c ./ra/fsp/src/bsp/mcu/all/bsp_irq.o
 .debug_frame   0x00000928       0x48 ./ra/fsp/src/bsp/mcu/all/bsp_register_protection.o
 .debug_frame   0x00000970       0x28 ./ra/fsp/src/bsp/mcu/all/bsp_sbrk.o
 .debug_frame   0x00000998       0x38 ./ra/fsp/src/bsp/cmsis/Device/RENESAS/Source/startup.o
 .debug_frame   0x000009d0       0x44 ./ra/fsp/src/bsp/cmsis/Device/RENESAS/Source/system.o
 .debug_frame   0x00000a14       0x30 c:/renesas/ra/e2studio_v2021-10_fsp_v3.5.0/toolchains/gcc_arm/gcc-arm-none-eabi-10.3-2021.10/bin/../lib/gcc/arm-none-eabi/10.3.1/thumb/v7e-m+fp/hard\libgcc.a(_arm_muldf3.o)
 .debug_frame   0x00000a44       0xac c:/renesas/ra/e2studio_v2021-10_fsp_v3.5.0/toolchains/gcc_arm/gcc-arm-none-eabi-10.3-2021.10/bin/../lib/gcc/arm-none-eabi/10.3.1/thumb/v7e-m+fp/hard\libgcc.a(_arm_addsubdf3.o)
 .debug_frame   0x00000af0       0x24 c:/renesas/ra/e2studio_v2021-10_fsp_v3.5.0/toolchains/gcc_arm/gcc-arm-none-eabi-10.3-2021.10/bin/../lib/gcc/arm-none-eabi/10.3.1/thumb/v7e-m+fp/hard\libgcc.a(_arm_fixunsdfsi.o)
 .debug_frame   0x00000b14       0x20 c:/renesas/ra/e2studio_v2021-10_fsp_v3.5.0/toolchains/gcc_arm/gcc-arm-none-eabi-10.3-2021.10/bin/../lib/gcc/arm-none-eabi/10.3.1/../../../../arm-none-eabi/lib/thumb/v7e-m+fp/hard\libg_nano.a(lib_a-calloc.o)
 .debug_frame   0x00000b34       0x20 c:/renesas/ra/e2studio_v2021-10_fsp_v3.5.0/toolchains/gcc_arm/gcc-arm-none-eabi-10.3-2021.10/bin/../lib/gcc/arm-none-eabi/10.3.1/../../../../arm-none-eabi/lib/thumb/v7e-m+fp/hard\libg_nano.a(lib_a-errno.o)
 .debug_frame   0x00000b54       0x30 c:/renesas/ra/e2studio_v2021-10_fsp_v3.5.0/toolchains/gcc_arm/gcc-arm-none-eabi-10.3-2021.10/bin/../lib/gcc/arm-none-eabi/10.3.1/../../../../arm-none-eabi/lib/thumb/v7e-m+fp/hard\libg_nano.a(lib_a-malloc.o)
 .debug_frame   0x00000b84       0x28 c:/renesas/ra/e2studio_v2021-10_fsp_v3.5.0/toolchains/gcc_arm/gcc-arm-none-eabi-10.3-2021.10/bin/../lib/gcc/arm-none-eabi/10.3.1/../../../../arm-none-eabi/lib/thumb/v7e-m+fp/hard\libg_nano.a(lib_a-memcpy-stub.o)
 .debug_frame   0x00000bac       0x20 c:/renesas/ra/e2studio_v2021-10_fsp_v3.5.0/toolchains/gcc_arm/gcc-arm-none-eabi-10.3-2021.10/bin/../lib/gcc/arm-none-eabi/10.3.1/../../../../arm-none-eabi/lib/thumb/v7e-m+fp/hard\libg_nano.a(lib_a-memset.o)
 .debug_frame   0x00000bcc       0x30 c:/renesas/ra/e2studio_v2021-10_fsp_v3.5.0/toolchains/gcc_arm/gcc-arm-none-eabi-10.3-2021.10/bin/../lib/gcc/arm-none-eabi/10.3.1/../../../../arm-none-eabi/lib/thumb/v7e-m+fp/hard\libg_nano.a(lib_a-nano-callocr.o)
 .debug_frame   0x00000bfc       0x38 c:/renesas/ra/e2studio_v2021-10_fsp_v3.5.0/toolchains/gcc_arm/gcc-arm-none-eabi-10.3-2021.10/bin/../lib/gcc/arm-none-eabi/10.3.1/../../../../arm-none-eabi/lib/thumb/v7e-m+fp/hard\libg_nano.a(lib_a-nano-freer.o)
 .debug_frame   0x00000c34       0x4c c:/renesas/ra/e2studio_v2021-10_fsp_v3.5.0/toolchains/gcc_arm/gcc-arm-none-eabi-10.3-2021.10/bin/../lib/gcc/arm-none-eabi/10.3.1/../../../../arm-none-eabi/lib/thumb/v7e-m+fp/hard\libg_nano.a(lib_a-nano-mallocr.o)
 .debug_frame   0x00000c80       0x2c c:/renesas/ra/e2studio_v2021-10_fsp_v3.5.0/toolchains/gcc_arm/gcc-arm-none-eabi-10.3-2021.10/bin/../lib/gcc/arm-none-eabi/10.3.1/../../../../arm-none-eabi/lib/thumb/v7e-m+fp/hard\libg_nano.a(lib_a-sbrkr.o)
 .debug_frame   0x00000cac       0x28 c:/renesas/ra/e2studio_v2021-10_fsp_v3.5.0/toolchains/gcc_arm/gcc-arm-none-eabi-10.3-2021.10/bin/../lib/gcc/arm-none-eabi/10.3.1/../../../../arm-none-eabi/lib/thumb/v7e-m+fp/hard\libg_nano.a(lib_a-strcat.o)
 .debug_frame   0x00000cd4       0x20 c:/renesas/ra/e2studio_v2021-10_fsp_v3.5.0/toolchains/gcc_arm/gcc-arm-none-eabi-10.3-2021.10/bin/../lib/gcc/arm-none-eabi/10.3.1/../../../../arm-none-eabi/lib/thumb/v7e-m+fp/hard\libg_nano.a(lib_a-strcpy.o)
 .debug_frame   0x00000cf4       0x30 c:/renesas/ra/e2studio_v2021-10_fsp_v3.5.0/toolchains/gcc_arm/gcc-arm-none-eabi-10.3-2021.10/bin/../lib/gcc/arm-none-eabi/10.3.1/../../../../arm-none-eabi/lib/thumb/v7e-m+fp/hard\libg_nano.a(lib_a-mlock.o)
 .debug_frame   0x00000d24       0x5c c:/renesas/ra/e2studio_v2021-10_fsp_v3.5.0/toolchains/gcc_arm/gcc-arm-none-eabi-10.3-2021.10/bin/../lib/gcc/arm-none-eabi/10.3.1/../../../../arm-none-eabi/lib/thumb/v7e-m+fp/hard\libg_nano.a(lib_a-reent.o)
 .debug_frame   0x00000d80       0xb0 c:/renesas/ra/e2studio_v2021-10_fsp_v3.5.0/toolchains/gcc_arm/gcc-arm-none-eabi-10.3-2021.10/bin/../lib/gcc/arm-none-eabi/10.3.1/../../../../arm-none-eabi/lib/thumb/v7e-m+fp/hard\libg_nano.a(lib_a-lock.o)
 .debug_frame   0x00000e30      0x14c c:/renesas/ra/e2studio_v2021-10_fsp_v3.5.0/toolchains/gcc_arm/gcc-arm-none-eabi-10.3-2021.10/bin/../lib/gcc/arm-none-eabi/10.3.1/../../../../arm-none-eabi/lib/thumb/v7e-m+fp/hard\libc_nano.a(lib_a-findfp.o)
